W/st-log  ( 4745): Final features: 0
E/tango   ( 4745): external-depth.cc:219 Depth returned No features found in frame
W/st-log  ( 4745): Initial features: Max - 10623, Min - 10886
W/st-log  ( 4745): Final features: 0
E/tango   ( 4745): external-depth.cc:219 Depth returned No features found in frame
D/HttpTangoUtil(12050): {"success":true}
W/st-log  ( 4745): Initial features: Max - 3027, Min - 4705
W/st-log  ( 4745): Final features: 0
E/tango   ( 4745): external-depth.cc:219 Depth returned No features found in frame
W/st-log  ( 4745): Initial features: Max - 3196, Min - 4859
W/st-log  ( 4745): Final features: 0
E/tango   ( 4745): external-depth.cc:219 Depth returned No features found in frame
W/st-log  ( 4745): Initial features: Max - 4110, Min - 5630
W/st-log  ( 4745): Final features: 0
E/tango   ( 4745): external-depth.cc:219 Depth returned No features found in frame
W/st-log  ( 4745): Initial features: Max - 9688, Min - 9766
I/log-per-line( 4745): SM Timing
I/log-per-line( 4745): -----------
I/log-per-line( 4745): DF 1.0 upload_image               	  15884	19.435847	(00.001224 +- 00.001661)	[00.000424,00.059545]
I/log-per-line( 4745): DF 2.0 build_gaussian_pyr         	  15884	35.501258	(00.002235 +- 00.001038)	[00.000813,00.042128]
I/log-per-line( 4745): DF 3.0 build_laplacian_pyr        	  15884	00.018971	(00.000001 +- 00.000005)	[00.000000,00.000310]
I/log-per-line( 4745): DF 4.0 Find_keypoints             	  15852	26.562911	(00.005461 +- 00.003463)	[00.001998,00.097048]
I/log-per-line( 4745): DF 5.0 cpu_compliant              	  15843	12.608349	(00.000796 +- 00.001150)	[00.000151,00.067869]
I/log-per-line( 4745): FM 0.0 MatchWithGyroPrediction    	  15852	30.681082	(00.001935 +- 00.002230)	[00.000012,00.021120]
I/log-per-line( 4745): LOC | service load map loc        	      1	00.114359	(00.114359 +- 00.000000)	[00.114359,00.114359]
I/log-per-line( 4745): Map monitor                       	     85	00.544218	(00.006403 +- 00.005604)	[00.000116,00.022846]
I/log-per-line( 4745): OptimizeRawADF: total time        	      4	00.667817	(00.166954 +- 00.226461)	[00.040336,00.505810]
I/log-per-line( 4745): OptimizeRawAdf: final optimize    	      4	00.430198	(00.107549 +- 00.175987)	[00.012328,00.371147]
I/log-per-line( 4745): ProcessVIOStatusKeyframeGeneration	   2424	04.816298	(00.001987 +- 00.013378)	[00.000014,00.120053]
I/log-per-line( 4745): SetDatasetsDirectoryOwner         	    103	00.002894	(00.000028 +- 00.000032)	[00.000011,00.000297]
I/log-per-line( 4745): VIO | map updates process         	     47	00.807688	(00.017185 +- 00.006223)	[00.000295,00.027912]
I/log-per-line( 4745): optimize segment                  	   2028	02.562328	(00.001263 +- 00.001042)	[00.000095,00.010583]
I/log-per-line( 4745): pose graph optimization           	     85	07.202358	(00.084734 +- 00.082241)	[00.001538,00.362736]
I/log-per-line( 4745): Statistics
I/log-per-line( 4745): -----------                                                               #	Hz	(avg     +- std    )	[min,max]
I/log-per-line( 4745): FDT_Bin_0_10_ms                                                      	    235	23.6748	(1 +- 0)	[1,1]
I/log-per-line( 4745): FDT_Bin_10_20_ms                                                     	     52	5.25212	(1 +- 0)	[1,1]
I/log-per-line( 4745): FDT_Bin_20_30_ms                                                     	     11	1.23324	(1 +- 0)	[1,1]
I/log-per-line( 4745): FDT_Bin_30_inf_ms                                                    	      2	16.3203	(1 +- 0)	[1,1]
I/log-per-line( 4745): FDT_total_frames                                                     	    300	30.2233	(1 +- 0)	[1,1]
I/log-per-line( 4745): LOC_alignment_reset                                                  	      0	
I/log-per-line( 4745): LOC_failed                                                           	      0	
I/log-per-line( 4745): LOC_full_query_success                                               	      0	
I/log-per-line( 4745): LOC_tracking_success                                                 	      0	
I/log-per-line( 4745): NC_FeatureTracking_Drops                                             	      2	0.208315	(5.5 +- 7.77817)	[0,11]
I/log-per-line( 4745): NC_FeatureTracking_count                                             	    300	30.2225	(1 +- 0)	[1,1]
I/log-per-line( 4745): NS_IMU_Slow                                                          	      3	0.325933	(1 +- 0)	[1,1]
I/log-per-line( 4745): NS_IMU_count                                                         	    600	58.094	(1 +- 0)	[1,1]
I/log-per-line( 4745): Sparse_mapping_fov_claim_failed                                      	      0	
I/log-per-line( 4745): VIO-inliers                                                          	    100	10.0666	(127.68 +- 111.691)	[0,350]
I/log-per-line( 4745): VIO-measurements                                                     	    100	10.0666	(24.58 +- 21.2499)	[0,51]
I/log-per-line( 4745): pose_dt_count                                                        	    853	80.6486	(1 +- 0)	[1,1]
W/st-log  ( 4745): Final features: 0
E/tango   ( 4745): external-depth.cc:219 Depth returned No features found in frame
W/st-log  ( 4745): Initial features: Max - 8363, Min - 9178
W/st-log  ( 4745): Final features: 0
E/tango   ( 4745): external-depth.cc:219 Depth returned No features found in frame
W/st-log  ( 4745): Initial features: Max - 3262, Min - 4916
W/st-log  ( 4745): Final features: 0
E/tango   ( 4745): external-depth.cc:219 Depth returned No features found in frame
W/st-log  ( 4745): Initial features: Max - 9588, Min - 9707
W/st-log  ( 4745): Final features: 0
E/tango   ( 4745): external-depth.cc:219 Depth returned No features found in frame
W/st-log  ( 4745): Initial features: Max - 4452, Min - 5981
W/st-log  ( 4745): Final features: 0
E/tango   ( 4745): external-depth.cc:219 Depth returned No features found in frame
W/st-log  ( 4745): Initial features: Max - 10821, Min - 11114
I/art     (12050): GcCauseBackground sticky partial concurrent mark sweep GC freed 13503(834KB) AllocSpace objects, 0(0B) LOS objects, 15% free, 5MB/6MB, paused 7.043ms total 18.219ms
W/st-log  ( 4745): Final features: 0
E/tango   ( 4745): external-depth.cc:219 Depth returned No features found in frame
D/NvOsDebugPrintf(  169): NvCamGetDataItem-- (error 0xb)
D/NvOsDebugPrintf(  169): [NvCamFrameData_GetDataItemValue]: FRD [351] -> Data item [M2Stats] absent.
D/NvOsDebugPrintf(  169): NvCamGetDataItem-- (error 0xb)
D/NvOsDebugPrintf(  169): [NvCamFrameData_GetDataItemValue]: FRD [351] -> Data item [M3StatsF32] absent.
D/NvOsDebugPrintf(  169): NvCamGetDataItem-- (error 0xb)
D/NvOsDebugPrintf(  169): [NvCamFrameData_GetDataItemValue]: FRD [351] -> Data item [M3StatsF32] absent.
D/NvOsDebugPrintf(  169): NvCamGetDataItem-- (error 0xb)
D/NvOsDebugPrintf(  169): [NvCamFrameData_GetDataItemValue]: FRD [351] -> Data item [Lux] absent.
D/NvOsDebugPrintf(  169): NvCamGetDataItem-- (error 0xb)
D/NvOsDebugPrintf(  169): [NvCamFrameData_GetDataItemValue]: FRD [351] -> Data item [Lux] absent.
W/st-log  ( 4745): Initial features: Max - 5140, Min - 6544
W/st-log  ( 4745): Final features: 0
E/tango   ( 4745): external-depth.cc:219 Depth returned No features found in frame
W/st-log  ( 4745): Initial features: Max - 5827, Min - 7130
W/st-log  ( 4745): Final features: 0
E/tango   ( 4745): external-depth.cc:219 Depth returned No features found in frame
D/NvOsDebugPrintf(  169): NvCamGetDataItem-- (error 0xb)
D/NvOsDebugPrintf(  169): [NvCamFrameData_GetDataItemValue]: FRD [365] -> Data item [M2Stats] absent.
D/NvOsDebugPrintf(  169): NvCamGetDataItem-- (error 0xb)
D/NvOsDebugPrintf(  169): [NvCamFrameData_GetDataItemValue]: FRD [365] -> Data item [M3StatsF32] absent.
D/NvOsDebugPrintf(  169): NvCamGetDataItem-- (error 0xb)
D/NvOsDebugPrintf(  169): [NvCamFrameData_GetDataItemValue]: FRD [365] -> Data item [M3StatsF32] absent.
D/NvOsDebugPrintf(  169): NvCamGetDataItem-- (error 0xb)
D/NvOsDebugPrintf(  169): [NvCamFrameData_GetDataItemValue]: FRD [365] -> Data item [Lux] absent.
D/NvOsDebugPrintf(  169): NvCamGetDataItem-- (error 0xb)
D/NvOsDebugPrintf(  169): [NvCamFrameData_GetDataItemValue]: FRD [365] -> Data item [Lux] absent.
W/st-log  ( 4745): Initial features: Max - 10645, Min - 11011
W/st-log  ( 4745): Final features: 0
E/tango   ( 4745): external-depth.cc:219 Depth returned No features found in frame
W/st-log  ( 4745): Initial features: Max - 8965, Min - 9133
W/st-log  ( 4745): Final features: 0
E/tango   ( 4745): external-depth.cc:219 Depth returned No features found in frame
I/art     (12050): GcCauseBackground sticky partial concurrent mark sweep GC freed 12785(795KB) AllocSpace objects, 0(0B) LOS objects, 14% free, 5MB/6MB, paused 6.212ms total 26.867ms
W/st-log  ( 4745): Initial features: Max - 2824, Min - 4482
W/st-log  ( 4745): Final features: 0
E/tango   ( 4745): external-depth.cc:219 Depth returned No features found in frame
W/st-log  ( 4745): Initial features: Max - 3910, Min - 5411
W/st-log  ( 4745): Final features: 299
W/st-log  ( 4745): Initial features: Max - 7331, Min - 7458
D/NvOsDebugPrintf(  169): NvCamGetDataItem-- (error 0xb)
D/NvOsDebugPrintf(  169): [NvCamFrameData_GetDataItemValue]: FRD [400] -> Data item [M2Stats] absent.
D/NvOsDebugPrintf(  169): NvCamGetDataItem-- (error 0xb)
D/NvOsDebugPrintf(  169): [NvCamFrameData_GetDataItemValue]: FRD [400] -> Data item [M3StatsF32] absent.
D/NvOsDebugPrintf(  169): NvCamGetDataItem-- (error 0xb)
D/NvOsDebugPrintf(  169): [NvCamFrameData_GetDataItemValue]: FRD [400] -> Data item [M3StatsF32] absent.
D/NvOsDebugPrintf(  169): NvCamGetDataItem-- (error 0xb)
D/NvOsDebugPrintf(  169): [NvCamFrameData_GetDataItemValue]: FRD [400] -> Data item [Lux] absent.
D/NvOsDebugPrintf(  169): NvCamGetDataItem-- (error 0xb)
D/NvOsDebugPrintf(  169): [NvCamFrameData_GetDataItemValue]: FRD [400] -> Data item [Lux] absent.
W/st-log  ( 4745): Final features: 3605
W/st-log  ( 4745): Initial features: Max - 9238, Min - 9467
W/st-log  ( 4745): Final features: 0
E/tango   ( 4745): external-depth.cc:219 Depth returned No features found in frame
W/st-log  ( 4745): Initial features: Max - 7392, Min - 7476
W/st-log  ( 4745): Final features: 3531
W/st-log  ( 4745): Initial features: Max - 8697, Min - 8821
D/NvOsDebugPrintf(  169): NvCamGetDataItem-- (error 0xb)
D/NvOsDebugPrintf(  169): [NvCamFrameData_GetDataItemValue]: FRD [419] -> Data item [M2Stats] absent.
D/NvOsDebugPrintf(  169): NvCamGetDataItem-- (error 0xb)
D/NvOsDebugPrintf(  169): [NvCamFrameData_GetDataItemValue]: FRD [419] -> Data item [M3StatsF32] absent.
D/NvOsDebugPrintf(  169): NvCamGetDataItem-- (error 0xb)
D/NvOsDebugPrintf(  169): [NvCamFrameData_GetDataItemValue]: FRD [419] -> Data item [M3StatsF32] absent.
D/NvOsDebugPrintf(  169): NvCamGetDataItem-- (error 0xb)
D/NvOsDebugPrintf(  169): [NvCamFrameData_GetDataItemValue]: FRD [419] -> Data item [Lux] absent.
D/NvOsDebugPrintf(  169): NvCamGetDataItem-- (error 0xb)
D/NvOsDebugPrintf(  169): [NvCamFrameData_GetDataItemValue]: FRD [419] -> Data item [Lux] absent.
W/st-log  ( 4745): Final features: 6738
W/st-log  ( 4745): Initial features: Max - 8694, Min - 8775
W/st-log  ( 4745): Final features: 6824
W/st-log  ( 4745): Initial features: Max - 7857, Min - 8003
W/st-log  ( 4745): Final features: 0
E/tango   ( 4745): external-depth.cc:219 Depth returned No features found in frame
W/st-log  ( 4745): Initial features: Max - 8008, Min - 8120
W/st-log  ( 4745): Final features: 6875
W/st-log  ( 4745): Initial features: Max - 7279, Min - 7574
W/st-log  ( 4745): Final features: 4547
W/st-log  ( 4745): Initial features: Max - 5033, Min - 6881
W/st-log  ( 4745): Final features: 2436
W/st-log  ( 4745): Initial features: Max - 4821, Min - 6013
W/st-log  ( 4745): Final features: 1200
W/st-log  ( 4745): Initial features: Max - 3633, Min - 5141
W/st-log  ( 4745): Final features: 86
W/st-log  ( 4745): Initial features: Max - 4119, Min - 5502
W/st-log  ( 4745): Final features: 0
E/tango   ( 4745): external-depth.cc:219 Depth returned No features found in frame
W/st-log  ( 4745): Initial features: Max - 5234, Min - 6399
W/st-log  ( 4745): Final features: 0
E/tango   ( 4745): external-depth.cc:219 Depth returned No features found in frame
W/st-log  ( 4745): Initial features: Max - 6902, Min - 7098
W/st-log  ( 4745): Final features: 0
E/tango   ( 4745): external-depth.cc:219 Depth returned No features found in frame
W/st-log  ( 4745): Initial features: Max - 6811, Min - 6958
W/st-log  ( 4745): Final features: 0
E/tango   ( 4745): external-depth.cc:219 Depth returned No features found in frame
W/st-log  ( 4745): Initial features: Max - 7023, Min - 7159
W/st-log  ( 4745): Final features: 0
E/tango   ( 4745): external-depth.cc:219 Depth returned No features found in frame
W/st-log  ( 4745): Initial features: Max - 7220, Min - 7399
W/st-log  ( 4745): Final features: 0
E/tango   ( 4745): external-depth.cc:219 Depth returned No features found in frame
W/st-log  ( 4745): Initial features: Max - 7158, Min - 7271
W/st-log  ( 4745): Final features: 0
E/tango   ( 4745): external-depth.cc:219 Depth returned No features found in frame
W/st-log  ( 4745): Initial features: Max - 7137, Min - 7403
W/st-log  ( 4745): Final features: 0
E/tango   ( 4745): external-depth.cc:219 Depth returned No features found in frame
W/st-log  ( 4745): Initial features: Max - 7246, Min - 7452
W/st-log  ( 4745): Final features: 0
E/tango   ( 4745): external-depth.cc:219 Depth returned No features found in frame
W/st-log  ( 4745): Initial features: Max - 7352, Min - 7565
W/st-log  ( 4745): Final features: 0
E/tango   ( 4745): external-depth.cc:219 Depth returned No features found in frame
W/st-log  ( 4745): Initial features: Max - 7764, Min - 7943
W/st-log  ( 4745): Final features: 0
E/tango   ( 4745): external-depth.cc:219 Depth returned No features found in frame
W/st-log  ( 4745): Initial features: Max - 7302, Min - 7528
W/st-log  ( 4745): Final features: 0
E/tango   ( 4745): external-depth.cc:219 Depth returned No features found in frame
W/st-log  ( 4745): Initial features: Max - 8002, Min - 8317
W/st-log  ( 4745): Final features: 0
E/tango   ( 4745): external-depth.cc:219 Depth returned No features found in frame
W/st-log  ( 4745): Initial features: Max - 7764, Min - 7922
W/st-log  ( 4745): Final features: 0
E/tango   ( 4745): external-depth.cc:219 Depth returned No features found in frame
W/st-log  ( 4745): Initial features: Max - 8148, Min - 8325
W/st-log  ( 4745): Final features: 0
E/tango   ( 4745): external-depth.cc:219 Depth returned No features found in frame
W/st-log  ( 4745): Initial features: Max - 7736, Min - 7953
W/st-log  ( 4745): Final features: 0
E/tango   ( 4745): external-depth.cc:219 Depth returned No features found in frame
W/st-log  ( 4745): Initial features: Max - 8280, Min - 8475
W/st-log  ( 4745): Final features: 0
E/tango   ( 4745): external-depth.cc:219 Depth returned No features found in frame
W/st-log  ( 4745): Initial features: Max - 7933, Min - 8037
W/st-log  ( 4745): Final features: 0
E/tango   ( 4745): external-depth.cc:219 Depth returned No features found in frame
W/st-log  ( 4745): Initial features: Max - 8288, Min - 8545
W/st-log  ( 4745): Final features: 0
E/tango   ( 4745): external-depth.cc:219 Depth returned No features found in frame
W/st-log  ( 4745): Initial features: Max - 7885, Min - 8121
W/st-log  ( 4745): Final features: 0
E/tango   ( 4745): external-depth.cc:219 Depth returned No features found in frame
W/st-log  ( 4745): Initial features: Max - 8174, Min - 8571
W/st-log  ( 4745): Final features: 0
E/tango   ( 4745): external-depth.cc:219 Depth returned No features found in frame
W/st-log  ( 4745): Initial features: Max - 7852, Min - 8092
I/tango   ( 4745): tango-service-application.cc:1108 Stopping sensors and data processing before saving map.
I/tango   ( 4745): sensor-graph.cc:1002 Stop requested.
D/NvOsDebugPrintf(  169): routeResultFromCAM: WARNING: only 0 requests in flight on sensor 0, frame drops likely
D/NvOsDebugPrintf(  169): routeResultFromCAM: WARNING: only 0 requests in flight on sensor 1, frame drops likely
D/Sensors (  899): Writing packet 54 36 0C 00 74 
D/Sensors (  899): Writing packet 54 31 0C 00 74 
E/Sensors (  899): [nosae] setDelay: 10000000 sec
D/Sensors (  899): Writing packet 54 32 0B 04 10 27 00 00 74 
E/Sensors (  899): [nosae] setDelay: 8000000 sec
D/Sensors (  899): Writing packet 54 32 0A 04 40 1F 00 00 74 
D/NvOsDebugPrintf(  169): NvCamScaler_OutputThread-- (error 0x0)
D/NvOsDebugPrintf(  169): SensorBayer_SetPowerLevel 1
E/Sensors (  899): [nosae] setDelay: 8000000 sec
D/Sensors (  899): Writing packet 54 32 0A 04 40 1F 00 00 74 
I/Camera2ClientBase(  169): Closed Camera 0
D/NvOsDebugPrintf(  169): NvCamScaler_OutputThread-- (error 0x0)
D/NvOsDebugPrintf(  169): SensorBayer_SetPowerLevel 1
E/Sensors (  899): [nosae] setDelay: 8000000 sec
D/Sensors (  899): Writing packet 54 32 0A 04 40 1F 00 00 74 
I/tango   ( 4745): sensor-graph.cc:914 Sending last_published_feature_tracks_and_imu_timestamp NaN
W/tango   ( 4745): sparse-mapping-graph.cc:268 SparseMappingGraph: It's the end of days! timestamp = NaN
W/tango   ( 4745): sparse-mapping-graph.cc:377 SparseMappingGraph::ProcessAsynchronous: got last timestamp: stop.
D/Sensors (  899): Writing packet 54 36 0B 00 74 
I/Camera2ClientBase(  169): Closed Camera 1
D/Sensors (  899): Writing packet 54 31 0B 00 74 
E/Sensors (  899): [nosae] setDelay: 66667000 sec
D/Sensors (  899): Writing packet 54 32 0A 04 6B 04 01 00 74 
I/tango   ( 4745): tango-service-application.cc:1122 Optimizing and saving map...
W/tango   ( 4745): map-manager-construction.cc:97 Saving full map to file: /data/data/com.projecttango.tango/files//Tango/ADFs//d7412f96-cba7-4d76-963f-2cc9ed7289d8
W/tango   ( 4745): map-manager-construction.cc:114 Optimizing map...
W/tango   ( 4745): map-manager-construction.cc:119 Optimization status: NOT_STARTED
W/tango   ( 4745): map-manager-construction.cc:119 Optimization status: OPTIMIZING step 1/3
I/tango   ( 4745): triangulate-point-landmarks.cc:594 Num. landmarks with sufficient meas.: 0
I/tango   ( 4745): triangulate-point-landmarks.cc:596 Num. landmarks with insufficient meas.: 0
I/tango   ( 4745): triangulate-point-landmarks.cc:598 Num. landmarks initialized: 0
I/tango   ( 4745): triangulate-point-landmarks.cc:599 Num. landmarks already in WLS: 0
I/tango   ( 4745): pose-graph-with-structure-optimization.cc:131 
I/tango   ( 4745): Solver Summary (v 1.10.0-eigen-(3.2.0)-no_lapack-cxsparse-(3.1.2)-no_openmp)
I/tango   ( 4745): 
I/tango   ( 4745):                                      Original                  Reduced
I/tango   ( 4745): Parameter blocks                           53                       34
I/tango   ( 4745): Parameters                                143                      119
I/tango   ( 4745): Effective parameters                      125                      102
I/tango   ( 4745): Residual blocks                            17                       17
I/tango   ( 4745): Residual                                  102                      102
I/tango   ( 4745): 
I/tango   ( 4745): Minimizer                        TRUST_REGION
I/tango   ( 4745): 
I/tango   ( 4745): Sparse linear algebra library       CX_SPARSE
I/tango   ( 4745): Trust region strategy     LEVENBERG_MARQUARDT
I/tango   ( 4745): 
I/tango   ( 4745):                                         Given                     Used
I/tango   ( 4745): Linear solver          SPARSE_NORMAL_CHOLESKY   SPARSE_NORMAL_CHOLESKY
I/tango   ( 4745): Threads                                     1                        1
I/tango   ( 4745): Linear solver threads                       1                        1
I/tango   ( 4745): 
I/tango   ( 4745): Cost:
I/tango   ( 4745): Initial          
I/tango   ( 4745):                 3.617983e-24
I/tango   ( 4745): Final                            3.617983e-24
I/tango   ( 4745): Change                           0.000000e+00
I/tango   ( 4745): 
I/tango   ( 4745): Minimizer iterations                        0
I/tango   ( 4745): Successful steps                            0
I/tango   ( 4745): Unsuccessful steps                          0
I/tango   ( 4745): 
I/tango   ( 4745): Time (in seconds):
I/tango   ( 4745): Preprocessor                           0.0003
I/tango   ( 4745): 
I/tango   ( 4745):   Residual evaluation                  0.0000
I/tango   ( 4745):   Jacobian evaluation                  0.0002
I/tango   ( 4745):   Linear solver                        0.0008
I/tango   ( 4745): Minimizer                              0.0012
I/tango   ( 4745): 
I/tango   ( 4745): Postprocessor                          0.0000
I/tango   ( 4745): Total                                  0.0016
I/tango   ( 4745): 
I/tango   ( 4745): Termination:                      CONVERGENCE (Parameter tolerance reached. Relative step_norm: 1.393579e-16 <= 1.000000e-08.)
I/tango   ( 4745): 
W/tango   ( 4745): map-manager-construction.cc:119 Optimization status: OPTIMIZING step 2/3
I/tango   ( 4745): triangulate-point-landmarks.cc:594 Num. landmarks with sufficient meas.: 0
I/tango   ( 4745): triangulate-point-landmarks.cc:596 Num. landmarks with insufficient meas.: 0
I/tango   ( 4745): triangulate-point-landmarks.cc:598 Num. landmarks initialized: 0
I/tango   ( 4745): triangulate-point-landmarks.cc:599 Num. landmarks already in WLS: 0
I/tango   ( 4745): pose-graph-with-structure-optimization.cc:131 
I/tango   ( 4745): Solver Summary (v 1.10.0-eigen-(3.2.0)-no_lapack-cxsparse-(3.1.2)-no_openmp)
I/tango   ( 4745): 
I/tango   ( 4745):                                      Original                  Reduced
I/tango   ( 4745): Parameter blocks                           53                       34
I/tango   ( 4745): Parameters                                143                      119
I/tango   ( 4745): Effective parameters                      125                      102
I/tango   ( 4745): Residual blocks                            17                       17
I/tango   ( 4745): Residual                                  102                      102
I/tango   ( 4745): 
I/tango   ( 4745): Minimizer                        TRUST_REGION
I/tango   ( 4745): 
I/tango   ( 4745): Sparse linear algebra library       CX_SPARSE
I/tango   ( 4745): Trust region strategy     LEVENBERG_MARQUARDT
I/tango   ( 4745): 
I/tango   ( 4745):                                         Given                     Used
I/tango   ( 4745): Linear solver          SPARSE_NORMAL_CHOLESKY   SPARSE_NORMAL_CHOLESKY
I/tango   ( 4745): Threads                                     1                        1
I/tango   ( 4745): Linear solver threads                       1                        1
I/tango   ( 4745): 
I/tango   ( 4745): Cost:
I/tango   ( 4745): Initial          
I/tango   ( 4745):                 3.617983e-24
I/tango   ( 4745): Final                            3.617983e-24
I/tango   ( 4745): Change                           0.000000e+00
I/tango   ( 4745): 
I/tango   ( 4745): Minimizer iterations                        0
I/tango   ( 4745): Successful steps                            0
I/tango   ( 4745): Unsuccessful steps                          0
I/tango   ( 4745): 
I/tango   ( 4745): Time (in seconds):
I/tango   ( 4745): Preprocessor                           0.0003
I/tango   ( 4745): 
I/tango   ( 4745):   Residual evaluation                  0.0000
I/tango   ( 4745):   Jacobian evaluation                  0.0002
I/tango   ( 4745):   Linear solver                        0.0007
I/tango   ( 4745): Minimizer                              0.0012
I/tango   ( 4745): 
I/tango   ( 4745): Postprocessor                          0.0000
I/tango   ( 4745): Total                                  0.0015
I/tango   ( 4745): 
I/tango   ( 4745): Termination:                      CONVERGENCE (Parameter tolerance reached. Relative step_norm: 1.393579e-16 <= 1.000000e-08.)
I/tango   ( 4745): 
W/tango   ( 4745): map-manager-construction.cc:119 Optimization status: OPTIMIZING step 3/3
I/tango   ( 4745): triangulate-point-landmarks.cc:594 Num. landmarks with sufficient meas.: 0
I/tango   ( 4745): triangulate-point-landmarks.cc:596 Num. landmarks with insufficient meas.: 0
I/tango   ( 4745): triangulate-point-landmarks.cc:598 Num. landmarks initialized: 0
I/tango   ( 4745): triangulate-point-landmarks.cc:599 Num. landmarks already in WLS: 0
I/tango   ( 4745): pose-graph-with-structure-optimization.cc:131 
I/tango   ( 4745): Solver Summary (v 1.10.0-eigen-(3.2.0)-no_lapack-cxsparse-(3.1.2)-no_openmp)
I/tango   ( 4745): 
I/tango   ( 4745):                                      Original                  Reduced
I/tango   ( 4745): Parameter blocks                           53                       34
I/tango   ( 4745): Parameters                                143                      119
I/tango   ( 4745): Effective parameters                      125                      102
I/tango   ( 4745): Residual blocks                            17                       17
I/tango   ( 4745): Residual                                  102                      102
I/tango   ( 4745): 
I/tango   ( 4745): Minimizer                        TRUST_REGION
I/tango   ( 4745): 
I/tango   ( 4745): Sparse linear algebra library       CX_SPARSE
I/tango   ( 4745): Trust region strategy     LEVENBERG_MARQUARDT
I/tango   ( 4745): 
I/tango   ( 4745):                                         Given                     Used
I/tango   ( 4745): Linear solver          SPARSE_NORMAL_CHOLESKY   SPARSE_NORMAL_CHOLESKY
I/tango   ( 4745): Threads                                     1                        1
I/tango   ( 4745): Linear solver threads                       1                        1
I/tango   ( 4745): 
I/tango   ( 4745): Cost:
I/tango   ( 4745): Initial          
I/tango   ( 4745):                 3.617983e-24
I/tango   ( 4745): Final                            3.617983e-24
I/tango   ( 4745): Change                           0.000000e+00
I/tango   ( 4745): 
I/tango   ( 4745): Minimizer iterations                        0
I/tango   ( 4745): Successful steps                            0
I/tango   ( 4745): Unsuccessful steps                          0
I/tango   ( 4745): 
I/tango   ( 4745): Time (in seconds):
I/tango   ( 4745): Preprocessor                           0.0002
I/tango   ( 4745): 
I/tango   ( 4745):   Residual evaluation                  0.0000
I/tango   ( 4745):   Jacobian evaluation                  0.0002
I/tango   ( 4745):   Linear solver                        0.0007
I/tango   ( 4745): Minimizer                              0.0012
I/tango   ( 4745): 
I/tango   ( 4745): Postprocessor                          0.0000
I/tango   ( 4745): Total                                  0.0014
I/tango   ( 4745): 
I/tango   ( 4745): Termination:                      CONVERGENCE (Parameter tolerance reached. Relative step_norm: 1.393579e-16 <= 1.000000e-08.)
I/tango   ( 4745): 
W/tango   ( 4745): map-manager-construction.cc:119 Optimization status: TRIANGULATING_LANDMARKS valid landmarks: 0, invalid landmarks: 0, keyframes: 18
W/tango   ( 4745): map-manager-construction.cc:119 Optimization status: TRIANGULATING_LANDMARKS valid landmarks: 0, invalid landmarks: 51, keyframes: 18
I/tango   ( 4745): triangulate-point-landmarks.cc:594 Num. landmarks with sufficient meas.: 42
I/tango   ( 4745): triangulate-point-landmarks.cc:596 Num. landmarks with insufficient meas.: 9
I/tango   ( 4745): triangulate-point-landmarks.cc:598 Num. landmarks initialized: 31
I/tango   ( 4745): triangulate-point-landmarks.cc:599 Num. landmarks already in WLS: 0
W/tango   ( 4745): map-manager-construction.cc:119 Optimization status: TRIANGULATING_LANDMARKS valid landmarks: 31, invalid landmarks: 20, keyframes: 18
I/tango   ( 4745): optimize-raw-adf.cc:273 Final optimize took: 0.44865
W/tango   ( 4745): map-manager-construction.cc:119 Optimization status: FINALIZING
I/tango   ( 4745): triangulate-point-landmarks.cc:659 Number of point landmarks that are valid: 9
I/tango   ( 4745): triangulate-point-landmarks.cc:660 Number of point landmarks that were invalidated: 22
I/tango   ( 4745): map-pruning.cc:37 Number of landmarks pruned from map:  42
I/tango   ( 4745): map-pruning.cc:38 Number of landmarks remaining in map: 9
W/tango   ( 4745): map-manager-construction.cc:119 Optimization status: SUCCESSFULLY_FINISHED total time: 0.720379 seconds, valid landmarks: 9, keyframes: 18, meters traveled: 0.36992, bounding box (m^2): 0.00535937
I/tango   ( 4745): optimize-raw-adf.cc:331 Finished optimizing raw ADF.
W/tango   ( 4745): map-manager-construction.cc:160 Broadcasting updated keyframe poses.
W/tango   ( 4745): map-manager-construction.cc:166 Pruning map.
I/tango   ( 4745): map-pruning.cc:85 Keyframe pruning results:
I/tango   ( 4745): map-pruning.cc:86   - Keyframes removed:   12
I/tango   ( 4745): map-pruning.cc:87   - Keyframes remaining: 6
I/tango   ( 4745): map-pruning.cc:88   - Landmarks removed:   4
I/tango   ( 4745): map-pruning.cc:90   - Landmarks remaining: 5
W/tango   ( 4745): map-manager-construction.cc:185 Creating a summary map.
I/tango   ( 4745): map-compression.cc:107 Num. of landmarks: 5
I/tango   ( 4745): map-compression.cc:183 Num. of landmarks actually stored: 5
I/tango   ( 4745): map-compression.cc:422 Storing total 5 landmark positions
I/tango   ( 4745): map-compression.cc:425 Storing 10 landmark descriptors.
I/tango   ( 4745): map-compression.cc:441 Storing 6 observer positions.
I/tango   ( 4745): map-compression.cc:244 Set product quantizer id d27c01f5-dd4f-4134-b4fe-5798296edda6
W/tango   ( 4745): map-manager-construction.cc:197 Appending summary map to file: /data/data/com.projecttango.tango/files//Tango/ADFs//d7412f96-cba7-4d76-963f-2cc9ed7289d8
I/tango   ( 4745): file_io.cc:877 Successfully read ADF footer message from file: /data/data/com.projecttango.tango/files//Tango/ADFs//d7412f96-cba7-4d76-963f-2cc9ed7289d8
I/tango   ( 4745): tango-service-application.cc:1145 Saved map in 0.213353 seconds, size = 795 KB.
I/tango_client_api( 4745): Tango Service: saveAreaDescription, internal status 0
I/tango_client_api( 4745): Tango Service: saveAreaDescription, internal status -2
W/tango   ( 4745): tango-service-application.cc:1095 Cannot save map: already saved! At this point you can re-query for optimized poses from the past, or disconnect from Tango Service.
E/tango_client_api(12050): TangoErrorType TangoService_saveAreaDescription(char (*)[37]): Internal Error: Could not save an area description. Is learning mode enabled?
F/art     (12050): art/runtime/check_jni.cc:64] JNI DETECTED ERROR IN APPLICATION: input is not valid Modified UTF-8: illegal continuation byte 0x38
F/art     (12050): art/runtime/check_jni.cc:64]     string: '(d8gA`d]b+`pdPs`'
F/art     (12050): art/runtime/check_jni.cc:64]     in call to NewStringUTF
F/art     (12050): art/runtime/check_jni.cc:64]     from int com.google.atap.tango.TangoJNINative.SaveAreaDescription(java.lang.String[])
F/art     (12050): art/runtime/check_jni.cc:64] "main" prio=5 tid=1 Runnable
F/art     (12050): art/runtime/check_jni.cc:64]   | group="main" sCount=0 dsCount=0 obj=0x646dbb70 self=0x416f1ea8
F/art     (12050): art/runtime/check_jni.cc:64]   | sysTid=12050 nice=0 cgrp=apps sched=0/0 handle=0x4003c154
F/art     (12050): art/runtime/check_jni.cc:64]   | state=R schedstat=( 691969806 620337104 3924 ) utm=38 stm=31 core=0 HZ=100
F/art     (12050): art/runtime/check_jni.cc:64]   | stack=0xbe3d8000-0xbe3dc000 stackSize=8MB
F/art     (12050): art/runtime/check_jni.cc:64]   native: art::Thread::DumpStack(std::ostream&) const+87 [0x4163fb78] (libart.so)
F/art     (12050): art/runtime/check_jni.cc:64]   native: ??? [0x414eb8a6] (libart.so)
F/art     (12050): art/runtime/check_jni.cc:64]   native: art::JniAbortF(char const*, char const*, ...)+51 [0x414ec254] (libart.so)
F/art     (12050): art/runtime/check_jni.cc:64]   native: ??? [0x414ec2f4] (libart.so)
F/art     (12050): art/runtime/check_jni.cc:64]   native: ??? [0x414ef842] (libart.so)
F/art     (12050): art/runtime/check_jni.cc:64]   native: ??? [0x414f55ee] (libart.so)
F/art     (12050): art/runtime/check_jni.cc:64]   native: Java_com_google_atap_tango_TangoJNINative_SaveAreaDescription+25 [0x48472356] (libtango_client_api.so)
F/art     (12050): art/runtime/check_jni.cc:64]   at com.google.atap.tango.TangoJNINative.SaveAreaDescription(Native method)
F/art     (12050): art/runtime/check_jni.cc:64]   at com.google.atap.tangoservice.Tango.saveAreaDescription(Tango.java:543)
F/art     (12050): art/runtime/check_jni.cc:64]   at io.kirmani.tango.treehacks.HttpTangoUtil.saveADF(HttpTangoUtil.java:225)
F/art     (12050): art/runtime/check_jni.cc:64]   at io.kirmani.tango.treehacks.HttpTangoUtil.handleUpdates(HttpTangoUtil.java:215)
F/art     (12050): art/runtime/check_jni.cc:64]   at io.kirmani.tango.treehacks.HttpTangoUtil.access$200(HttpTangoUtil.java:27)
F/art     (12050): art/runtime/check_jni.cc:64]   at io.kirmani.tango.treehacks.HttpTangoUtil$7.onResponse(HttpTangoUtil.java:199)
F/art     (12050): art/runtime/check_jni.cc:64]   at io.kirmani.tango.treehacks.HttpTangoUtil$7.onResponse(HttpTangoUtil.java:196)
F/art     (12050): art/runtime/check_jni.cc:64]   at com.android.volley.toolbox.JsonRequest.deliverResponse(JsonRequest.java:72)
F/art     (12050): art/runtime/check_jni.cc:64]   at com.android.volley.ExecutorDelivery$ResponseDeliveryRunnable.run(ExecutorDelivery.java:99)
F/art     (12050): art/runtime/check_jni.cc:64]   at android.os.Handler.handleCallback(Handler.java:733)
F/art     (12050): art/runtime/check_jni.cc:64]   at android.os.Handler.dispatchMessage(Handler.java:95)
F/art     (12050): art/runtime/check_jni.cc:64]   at android.os.Looper.loop(Looper.java:136)
F/art     (12050): art/runtime/check_jni.cc:64]   at android.app.ActivityThread.main(ActivityThread.java:5030)
F/art     (12050): art/runtime/check_jni.cc:64]   at java.lang.reflect.Method.invoke(Native method)
F/art     (12050): art/runtime/check_jni.cc:64]   at com.android.internal.os.ZygoteInit$MethodAndArgsCaller.run(ZygoteInit.java:793)
F/art     (12050): art/runtime/check_jni.cc:64]   at com.android.internal.os.ZygoteInit.main(ZygoteInit.java:609)
F/art     (12050): art/runtime/check_jni.cc:64] 
F/art     (12050): art/runtime/runtime.cc:203] Runtime aborting...
F/art     (12050): art/runtime/runtime.cc:203] Aborting thread:
F/art     (12050): art/runtime/runtime.cc:203] "main" prio=5 tid=1 Runnable
F/art     (12050): art/runtime/runtime.cc:203]   | group="main" sCount=0 dsCount=0 obj=0x646dbb70 self=0x416f1ea8
F/art     (12050): art/runtime/runtime.cc:203]   | sysTid=12050 nice=0 cgrp=apps sched=0/0 handle=0x4003c154
F/art     (12050): art/runtime/runtime.cc:203]   | state=R schedstat=( 730977221 651323187 3982 ) utm=39 stm=33 core=1 HZ=100
F/art     (12050): art/runtime/runtime.cc:203]   | stack=0xbe3d8000-0xbe3dc000 stackSize=8MB
F/art     (12050): art/runtime/runtime.cc:203]   native: art::Thread::DumpStack(std::ostream&) const+87 [0x4163fb78] (libart.so)
F/art     (12050): art/runtime/runtime.cc:203]   native: ??? [0x41637c62] (libart.so)
F/art     (12050): art/runtime/runtime.cc:203]   native: art::Runtime::Abort()+79 [0x41638204] (libart.so)
F/art     (12050): art/runtime/runtime.cc:203]   native: art::LogMessage::~LogMessage()+507 [0x414e389c] (libart.so)
F/art     (12050): art/runtime/runtime.cc:203]   native: ??? [0x414ebad4] (libart.so)
F/art     (12050): art/runtime/runtime.cc:203]   native: art::JniAbortF(char const*, char const*, ...)+51 [0x414ec254] (libart.so)
F/art     (12050): art/runtime/runtime.cc:203]   native: ??? [0x414ec2f4] (libart.so)
F/art     (12050): art/runtime/runtime.cc:203]   native: ??? [0x414ef842] (libart.so)
F/art     (12050): art/runtime/runtime.cc:203]   native: ??? [0x414f55ee] (libart.so)
F/art     (12050): art/runtime/runtime.cc:203]   native: Java_com_google_atap_tango_TangoJNINative_SaveAreaDescription+25 [0x48472356] (libtango_client_api.so)
F/art     (12050): art/runtime/runtime.cc:203]   at com.google.atap.tango.TangoJNINative.SaveAreaDescription(Native method)
F/art     (12050): art/runtime/runtime.cc:203]   at com.google.atap.tangoservice.Tango.saveAreaDescription(Tango.java:543)
F/art     (12050): art/runtime/runtime.cc:203]   at io.kirmani.tango.treehacks.HttpTangoUtil.saveADF(HttpTangoUtil.java:225)
F/art     (12050): art/runtime/runtime.cc:203]   at io.kirmani.tango.treehacks.HttpTangoUtil.handleUpdates(HttpTangoUtil.java:215)
F/art     (12050): art/runtime/runtime.cc:203]   at io.kirmani.tango.treehacks.HttpTangoUtil.access$200(HttpTangoUtil.java:27)
F/art     (12050): art/runtime/runtime.cc:203]   at io.kirmani.tango.treehacks.HttpTangoUtil$7.onResponse(HttpTangoUtil.java:199)
F/art     (12050): art/runtime/runtime.cc:203]   at io.kirmani.tango.treehacks.HttpTangoUtil$7.onResponse(HttpTangoUtil.java:196)
F/art     (12050): art/runtime/runtime.cc:203]   at com.android.volley.toolbox.JsonRequest.deliverResponse(JsonRequest.java:72)
F/art     (12050): art/runtime/runtime.cc:203]   at com.android.volley.ExecutorDelivery$ResponseDeliveryRunnable.run(ExecutorDelivery.java:99)
F/art     (12050): art/runtime/runtime.cc:203]   at android.os.Handler.handleCallback(Handler.java:733)
F/art     (12050): art/runtime/runtime.cc:203]   at android.os.Handler.dispatchMessage(Handler.java:95)
F/art     (12050): art/runtime/runtime.cc:203]   at android.os.Looper.loop(Looper.java:136)
F/art     (12050): art/runtime/runtime.cc:203]   at android.app.ActivityThread.main(ActivityThread.java:5030)
F/art     (12050): art/runtime/runtime.cc:203]   at java.lang.reflect.Method.invoke(Native method)
F/art     (12050): art/runtime/runtime.cc:203]   at com.android.internal.os.ZygoteInit$MethodAndArgsCaller.run(ZygoteInit.java:793)
F/art     (12050): art/runtime/runtime.cc:203]   at com.android.internal.os.ZygoteInit.main(ZygoteInit.java:609)
F/art     (12050): art/runtime/runtime.cc:203] Dumping all threads without appropriate locks held: thread list lock mutator lock
F/art     (12050): art/runtime/runtime.cc:203] All threads:
F/art     (12050): art/runtime/runtime.cc:203] DALVIK THREADS (28):
F/art     (12050): art/runtime/runtime.cc:203] "main" prio=5 tid=1 Native
F/art     (12050): art/runtime/runtime.cc:203]   | group="main" sCount=0 dsCount=0 obj=0x646dbb70 self=0x416f1ea8
F/art     (12050): art/runtime/runtime.cc:203]   | sysTid=12050 nice=0 cgrp=apps sched=0/0 handle=0x4003c154
F/art     (12050): art/runtime/runtime.cc:203]   | state=R schedstat=( 758875222 656312352 4005 ) utm=41 stm=34 core=0 HZ=100
F/art     (12050): art/runtime/runtime.cc:203]   | stack=0xbe3d8000-0xbe3dc000 stackSize=8MB
F/art     (12050): art/runtime/runtime.cc:203]   native: art::Thread::DumpStack(std::ostream&) const+87 [0x4163fb78] (libart.so)
F/art     (12050): art/runtime/runtime.cc:203]   native: art::ThreadList::DumpLocked(std::ostream&)+69 [0x4164ab16] (libart.so)
F/art     (12050): art/runtime/runtime.cc:203]   native: ??? [0x41637d14] (libart.so)
F/art     (12050): art/runtime/runtime.cc:203]   native: art::Runtime::Abort()+79 [0x41638204] (libart.so)
F/art     (12050): art/runtime/runtime.cc:203]   native: art::LogMessage::~LogMessage()+507 [0x414e389c] (libart.so)
F/art     (12050): art/runtime/runtime.cc:203]   native: ??? [0x414ebad4] (libart.so)
F/art     (12050): art/runtime/runtime.cc:203]   native: art::JniAbortF(char const*, char const*, ...)+51 [0x414ec254] (libart.so)
F/art     (12050): art/runtime/runtime.cc:203]   native: ??? [0x414ec2f4] (libart.so)
F/art     (12050): art/runtime/runtime.cc:203]   native: ??? [0x414ef842] (libart.so)
F/art     (12050): art/runtime/runtime.cc:203]   native: ??? [0x414f55ee] (libart.so)
F/art     (12050): art/runtime/runtime.cc:203]   native: Java_com_google_atap_tango_TangoJNINative_SaveAreaDescription+25 [0x48472356] (libtango_client_api.so)
F/art     (12050): art/runtime/runtime.cc:203]   at com.google.atap.tango.TangoJNINative.SaveAreaDescription(Native method)
F/art     (12050): art/runtime/runtime.cc:203]   at com.google.atap.tangoservice.Tango.saveAreaDescription(Tango.java:543)
F/art     (12050): art/runtime/runtime.cc:203]   at io.kirmani.tango.treehacks.HttpTangoUtil.saveADF(HttpTangoUtil.java:225)
F/art     (12050): art/runtime/runtime.cc:203]   at io.kirmani.tango.treehacks.HttpTangoUtil.handleUpdates(HttpTangoUtil.java:215)
F/art     (12050): art/runtime/runtime.cc:203]   at io.kirmani.tango.treehacks.HttpTangoUtil.access$200(HttpTangoUtil.java:27)
F/art     (12050): art/runtime/runtime.cc:203]   at io.kirmani.tango.treehacks.HttpTangoUtil$7.onResponse(HttpTangoUtil.java:199)
F/art     (12050): art/runtime/runtime.cc:203]   at io.kirmani.tango.treehacks.HttpTangoUtil$7.onResponse(HttpTangoUtil.java:196)
F/art     (12050): art/runtime/runtime.cc:203]   at com.android.volley.toolbox.JsonRequest.deliverResponse(JsonRequest.java:72)
F/art     (12050): art/runtime/runtime.cc:203]   at com.android.volley.ExecutorDelivery$ResponseDeliveryRunnable.run(ExecutorDelivery.java:99)
F/art     (12050): art/runtime/runtime.cc:203]   at android.os.Handler.handleCallback(Handler.java:733)
F/art     (12050): art/runtime/runtime.cc:203]   at android.os.Handler.dispatchMessage(Handler.java:95)
F/art     (12050): art/runtime/runtime.cc:203]   at android.os.Looper.loop(Looper.java:136)
F/art     (12050): art/runtime/runtime.cc:203]   at android.app.ActivityThread.main(ActivityThread.java:5030)
F/art     (12050): art/runtime/runtime.cc:203]   at java.lang.reflect.Method.invoke(Native method)
F/art     (12050): art/runtime/runtime.cc:203]   at com.android.internal.os.ZygoteInit$MethodAndArgsCaller.run(ZygoteInit.java:793)
F/art     (12050): art/runtime/runtime.cc:203]   at com.android.internal.os.ZygoteInit.main(ZygoteInit.java:609)
F/art     (12050): art/runtime/runtime.cc:203] 
F/art     (12050): art/runtime/runtime.cc:203] "Thread pool worker 0" prio=5 tid=2 Native (still starting up)
F/art     (12050): art/runtime/runtime.cc:203]   | group="" sCount=0 dsCount=0 obj=0x00000000 self=0x416f78e0
F/art     (12050): art/runtime/runtime.cc:203]   | sysTid=12056 nice=0 cgrp=apps sched=0/0 handle=0x43ec8dc8
F/art     (12050): art/runtime/runtime.cc:203]   | state=S schedstat=( 3803168 16426416 48 ) utm=0 stm=0 core=1 HZ=100
F/art     (12050): art/runtime/runtime.cc:203]   | stack=0x43d92000-0x43d96000 stackSize=1024KB
F/art     (12050): art/runtime/runtime.cc:203]   native: ??? [0x43ed9c2c] ([anon:libc_malloc])
F/art     (12050): art/runtime/runtime.cc:203]   (no managed stack frames)
F/art     (12050): art/runtime/runtime.cc:203] 
F/art     (12050): art/runtime/runtime.cc:203] "Thread pool worker 1" prio=5 tid=3 Native (still starting up)
F/art     (12050): art/runtime/runtime.cc:203]   | group="" sCount=0 dsCount=0 obj=0x00000000 self=0x43ed87f8
F/art     (12050): art/runtime/runtime.cc:203]   | sysTid=12057 nice=0 cgrp=apps sched=0/0 handle=0x416f7b60
F/art     (12050): art/runtime/runtime.cc:203]   | state=S schedstat=( 4549580 23167338 49 ) utm=0 stm=0 core=3 HZ=100
F/art     (12050): art/runtime/runtime.cc:203]   | stack=0x47149000-0x4714d000 stackSize=1024KB
F/art     (12050): art/runtime/runtime.cc:203]   native: ??? [0x43ed9c2c] ([anon:libc_malloc])
F/art     (12050): art/runtime/runtime.cc:203]   (no managed stack frames)
F/art     (12050): art/runtime/runtime.cc:203] 
F/art     (12050): art/runtime/runtime.cc:203] "Thread pool worker 2" prio=5 tid=4 Native (still starting up)
F/art     (12050): art/runtime/runtime.cc:203]   | group="" sCount=0 dsCount=0 obj=0x00000000 self=0x416f8a68
F/art     (12050): art/runtime/runtime.cc:203]   | sysTid=12058 nice=0 cgrp=apps sched=0/0 handle=0x416f7da8
F/art     (12050): art/runtime/runtime.cc:203]   | state=S schedstat=( 6868754 18200831 50 ) utm=0 stm=0 core=0 HZ=100
F/art     (12050): art/runtime/runtime.cc:203]   | stack=0x47249000-0x4724d000 stackSize=1024KB
F/art     (12050): art/runtime/runtime.cc:203]   native: ??? [0x43ed9c2c] ([anon:libc_malloc])
F/art     (12050): art/runtime/runtime.cc:203]   (no managed stack frames)
F/art     (12050): art/runtime/runtime.cc:203] 
F/art     (12050): art/runtime/runtime.cc:203] "Signal Catcher" daemon prio=5 tid=5 WaitingInMainSignalCatcherLoop
F/art     (12050): art/runtime/runtime.cc:203]   | group="system" sCount=0 dsCount=0 obj=0x6485fc80 self=0x43ed9010
F/art     (12050): art/runtime/runtime.cc:203]   | sysTid=12059 nice=0 cgrp=apps sched=0/0 handle=0x416f8ce8
F/art     (12050): art/runtime/runtime.cc:203]   | state=S schedstat=( 1158750 230083 2 ) utm=0 stm=0 core=1 HZ=100
F/art     (12050): art/runtime/runtime.cc:203]   | stack=0x47349000-0x4734d000 stackSize=1016KB
F/art     (12050): art/runtime/runtime.cc:203]   native: ??? [0x4163bca7] (libart.so)
F/art     (12050): art/runtime/runtime.cc:203]   native: art::SignalCatcher::WaitForSignal(art::Thread*, art::SignalSet&)+46 [0x4163c01b] (libart.so)
F/art     (12050): art/runtime/runtime.cc:203]   native: art::SignalCatcher::Run(void*)+172 [0x4163d5b9] (libart.so)
F/art     (12050): art/runtime/runtime.cc:203]   native: __thread_entry+72 [0x4005f1b0] (libc.so)
F/art     (12050): art/runtime/runtime.cc:203]   native: pthread_create+240 [0x4005f348] (libc.so)
F/art     (12050): art/runtime/runtime.cc:203]   (no managed stack frames)
F/art     (12050): art/runtime/runtime.cc:203] 
F/art     (12050): art/runtime/runtime.cc:203] "JDWP" daemon prio=5 tid=6 WaitingInMainDebuggerLoop
F/art     (12050): art/runtime/runtime.cc:203]   | group="system" sCount=0 dsCount=0 obj=0x6485f078 self=0x43ed70b0
F/art     (12050): art/runtime/runtime.cc:203]   | sysTid=12060 nice=0 cgrp=apps sched=0/0 handle=0x43ed6e68
F/art     (12050): art/runtime/runtime.cc:203]   | state=S schedstat=( 393334 151583 3 ) utm=0 stm=0 core=1 HZ=100
F/art     (12050): art/runtime/runtime.cc:203]   | stack=0x47447000-0x4744b000 stackSize=1016KB
F/art     (12050): art/runtime/runtime.cc:203]   native: art::JDWP::JdwpAdbState::Accept()+100 [0x41679255] (libart.so)
F/art     (12050): art/runtime/runtime.cc:203]   native: art::JDWP::JdwpState::Run()+284 [0x4158c79d] (libart.so)
F/art     (12050): art/runtime/runtime.cc:203]   native: ??? [0x4158dae3] (libart.so)
F/art     (12050): art/runtime/runtime.cc:203]   native: __thread_entry+72 [0x4005f1b0] (libc.so)
F/art     (12050): art/runtime/runtime.cc:203]   native: pthread_create+240 [0x4005f348] (libc.so)
F/art     (12050): art/runtime/runtime.cc:203]   (no managed stack frames)
F/art     (12050): art/runtime/runtime.cc:203] 
F/art     (12050): art/runtime/runtime.cc:203] "ReferenceQueueDaemon" daemon prio=5 tid=7 Waiting
F/art     (12050): art/runtime/runtime.cc:203]   | group="system" sCount=0 dsCount=0 obj=0x6485f118 self=0x43ed7940
F/art     (12050): art/runtime/runtime.cc:203]   | sysTid=12061 nice=0 cgrp=apps sched=0/0 handle=0x471420d8
F/art     (12050): art/runtime/runtime.cc:203]   | state=S schedstat=( 10621081 12391835 50 ) utm=0 stm=0 core=1 HZ=100
F/art     (12050): art/runtime/runtime.cc:203]   | stack=0x47545000-0x47549000 stackSize=1040KB
F/art     (12050): art/runtime/runtime.cc:203]   native: ??? [0x414a0dd4] ([anon:libc_malloc])
F/art     (12050): art/runtime/runtime.cc:203]   at java.lang.Object.wait(Native method)
F/art     (12050): art/runtime/runtime.cc:203]   - waiting on <0x600c2780> (a java.lang.Class<java.lang.ref.ReferenceQueue>)
F/art     (12050): art/runtime/runtime.cc:203]   at java.lang.Daemons$ReferenceQueueDaemon.run(Daemons.java:133)
F/art     (12050): art/runtime/runtime.cc:203]   - locked <0x600c2780> (a java.lang.Class<java.lang.ref.ReferenceQueue>)
F/art     (12050): art/runtime/runtime.cc:203]   at java.lang.Thread.run(Thread.java:811)
F/art     (12050): art/runtime/runtime.cc:203] 
F/art     (12050): art/runtime/runtime.cc:203] "FinalizerDaemon" daemon prio=5 tid=8 Waiting
F/art     (12050): art/runtime/runtime.cc:203]   | group="system" sCount=0 dsCount=0 obj=0x64857d30 self=0x47142828
F/art     (12050): art/runtime/runtime.cc:203]   | sysTid=12062 nice=0 cgrp=apps sched=0/0 handle=0x47142b28
F/art     (12050): art/runtime/runtime.cc:203]   | state=S schedstat=( 21038584 16950996 57 ) utm=1 stm=0 core=1 HZ=100
F/art     (12050): art/runtime/runtime.cc:203]   | stack=0x47649000-0x4764d000 stackSize=1040KB
F/art     (12050): art/runtime/runtime.cc:203]   native: ??? [0x414a0dd4] ([anon:libc_malloc])
F/art     (12050): art/runtime/runtime.cc:203]   at java.lang.Object.wait(Native method)
F/art     (12050): art/runtime/runtime.cc:203]   - waiting on <0x60a825c0> (a java.lang.ref.ReferenceQueue)
F/art     (12050): art/runtime/runtime.cc:203]   at java.lang.Object.wait(Object.java:411)
F/art     (12050): art/runtime/runtime.cc:203]   at java.lang.ref.ReferenceQueue.remove(ReferenceQueue.java:102)
F/art     (12050): art/runtime/runtime.cc:203]   - locked <0x60a825c0> (a java.lang.ref.ReferenceQueue)
F/art     (12050): art/runtime/runtime.cc:203]   at java.lang.ref.ReferenceQueue.remove(ReferenceQueue.java:73)
F/art     (12050): art/runtime/runtime.cc:203]   at java.lang.Daemons$FinalizerDaemon.run(Daemons.java:173)
F/art     (12050): art/runtime/runtime.cc:203]   at java.lang.Thread.run(Thread.java:811)
F/art     (12050): art/runtime/runtime.cc:203] 
F/art     (12050): art/runtime/runtime.cc:203] "FinalizerWatchdogDaemon" daemon prio=5 tid=9 Waiting
F/art     (12050): art/runtime/runtime.cc:203]   | group="system" sCount=0 dsCount=0 obj=0x64858f48 self=0x471433f0
F/art     (12050): art/runtime/runtime.cc:203]   | sysTid=12063 nice=0 cgrp=apps sched=0/0 handle=0x47143790
F/art     (12050): art/runtime/runtime.cc:203]   | state=S schedstat=( 577084 2833916 10 ) utm=0 stm=0 core=0 HZ=100
F/art     (12050): art/runtime/runtime.cc:203]   | stack=0x4774d000-0x47751000 stackSize=1040KB
F/art     (12050): art/runtime/runtime.cc:203]   native: ??? [0x414a0dd4] ([anon:libc_malloc])
F/art     (12050): art/runtime/runtime.cc:203]   at java.lang.Object.wait(Native method)
