--------- beginning of /dev/log/system
I/PowerManagerService(  899): Going to sleep due to screen timeout...
W/InputMethodManagerService(  899): Got RemoteException sending setActive(false) notification to pid 10699 uid 10113
I/PowerManagerService(  899): Waking up from sleep...
W/InputMethodManagerService(  899): Got RemoteException sending setActive(false) notification to pid 10699 uid 10113
I/WindowManager(  899): Lock screen displayed!
W/InputMethodManagerService(  899): Got RemoteException sending setActive(false) notification to pid 10699 uid 10113
I/PackageManager(  899): Adding preferred activity ComponentInfo{com.android.mms/com.android.mms.ui.ComposeMessageActivity} for user 0 :
I/PackageManager(  899): Adding preferred activity ComponentInfo{com.android.mms/com.android.mms.ui.ComposeMessageActivity} for user 0 :
I/PackageManager(  899): Adding preferred activity ComponentInfo{com.android.mms/com.android.mms.ui.ComposeMessageActivity} for user 0 :
I/PackageManager(  899): Adding preferred activity ComponentInfo{com.android.mms/com.android.mms.ui.ComposeMessageActivity} for user 0 :
I/PackageManager(  899): Adding preferred activity ComponentInfo{com.android.mms/com.android.mms.ui.ComposeMessageActivity} for user 0 :
I/PackageManager(  899): Adding preferred activity ComponentInfo{com.android.mms/com.android.mms.ui.ComposeMessageActivity} for user 0 :
I/PackageManager(  899): Adding preferred activity ComponentInfo{com.android.mms/com.android.mms.ui.ComposeMessageActivity} for user 0 :
I/PackageManager(  899): Adding preferred activity ComponentInfo{com.android.mms/com.android.mms.ui.ComposeMessageActivity} for user 0 :
I/ActivityManager(  899): Delay finish: com.google.android.apps.plus/.service.PhotosAppTransitionMonitor
I/ActivityManager(  899): Resuming delayed broadcast
I/ActivityManager(  899): Delay finish: com.google.android.googlequicksearchbox/com.google.android.apps.gsa.search.core.icingsync.IcingCorporaChangedReceiver
I/ActivityManager(  899): Resuming delayed broadcast
W/ActivityManager(  899):   Force finishing activity io.kirmani.tango.treehacks/.MainActivity
I/BootReceiver(  899): Copying /data/tombstones/tombstone_06 to DropBox (SYSTEM_TOMBSTONE)
I/WindowState(  899): WIN DEATH: Window{655595e8 u0 io.kirmani.tango.treehacks/io.kirmani.tango.treehacks.MainActivity}
I/WindowState(  899): WIN DEATH: Window{65580c28 u0 SurfaceView}
W/ActivityManager(  899): Exception thrown during pause
W/ActivityManager(  899): android.os.DeadObjectException
W/ActivityManager(  899): 	at android.os.BinderProxy.transact(Native Method)
W/ActivityManager(  899): 	at android.app.ApplicationThreadProxy.schedulePauseActivity(ApplicationThreadNative.java:660)
W/ActivityManager(  899): 	at com.android.server.am.ActivityStack.startPausingLocked(ActivityStack.java:768)
W/ActivityManager(  899): 	at com.android.server.am.ActivityStack.finishActivityLocked(ActivityStack.java:2473)
W/ActivityManager(  899): 	at com.android.server.am.ActivityStack.finishTopRunningActivityLocked(ActivityStack.java:2347)
W/ActivityManager(  899): 	at com.android.server.am.ActivityStackSupervisor.finishTopRunningActivityLocked(ActivityStackSupervisor.java:2045)
W/ActivityManager(  899): 	at com.android.server.am.ActivityManagerService.handleAppCrashLocked(ActivityManagerService.java:9569)
W/ActivityManager(  899): 	at com.android.server.am.ActivityManagerService.makeAppCrashingLocked(ActivityManagerService.java:9462)
W/ActivityManager(  899): 	at com.android.server.am.ActivityManagerService.crashApplication(ActivityManagerService.java:10107)
W/ActivityManager(  899): 	at com.android.server.am.ActivityManagerService.handleApplicationCrashInner(ActivityManagerService.java:9658)
W/ActivityManager(  899): 	at com.android.server.am.NativeCrashListener$NativeCrashReporter.run(NativeCrashListener.java:86)
I/ActivityManager(  899): Process io.kirmani.tango.treehacks (pid 11543) has died.
D/WifiController(  899): battery changed pluggedType: 2
I/PowerManagerService(  899): Going to sleep by user request...
W/InputMethodManagerService(  899): Got RemoteException sending setActive(false) notification to pid 11543 uid 10113
D/WifiController(  899): battery changed pluggedType: 2
D/WifiController(  899): battery changed pluggedType: 2
D/WifiController(  899): battery changed pluggedType: 2
D/WifiController(  899): battery changed pluggedType: 2
D/WifiController(  899): battery changed pluggedType: 2
D/WifiController(  899): battery changed pluggedType: 2
D/WifiController(  899): battery changed pluggedType: 2
D/WifiController(  899): battery changed pluggedType: 1
I/PowerManagerService(  899): Waking up from sleep...
W/InputMethodManagerService(  899): Got RemoteException sending setActive(false) notification to pid 11543 uid 10113
I/WindowManager(  899): Lock screen displayed!
D/WifiService(  899): acquireWifiLockLocked: WifiLock{NlpWifiLock type=2 binder=android.os.BinderProxy@65166da0}
D/WifiService(  899): returning scan only
D/WifiService(  899): returning scan only
D/WifiService(  899): releaseWifiLockLocked: WifiLock{NlpWifiLock type=2 binder=android.os.BinderProxy@65166da0}
I/PowerManagerService(  899): Going to sleep due to screen timeout...
W/InputMethodManagerService(  899): Got RemoteException sending setActive(false) notification to pid 11543 uid 10113
D/WifiController(  899): battery changed pluggedType: 1
D/ConnectivityService(  899): handleInetConditionHoldEnd: net=1, condition=100, published condition=100
D/WifiController(  899): battery changed pluggedType: 1
I/PowerManagerService(  899): Waking up from sleep...
W/InputMethodManagerService(  899): Got RemoteException sending setActive(false) notification to pid 11543 uid 10113
I/WindowManager(  899): Lock screen displayed!
D/WifiService(  899): acquireWifiLockLocked: WifiLock{NlpWifiLock type=2 binder=android.os.BinderProxy@65166da0}
D/WifiService(  899): returning scan only
D/WifiService(  899): returning scan only
D/WifiController(  899): battery changed pluggedType: 1
D/WifiController(  899): battery changed pluggedType: 1
D/WifiService(  899): releaseWifiLockLocked: WifiLock{NlpWifiLock type=2 binder=android.os.BinderProxy@65166da0}
W/InputMethodManagerService(  899): Got RemoteException sending setActive(false) notification to pid 11543 uid 10113
I/ActivityManager(  899): START u0 {act=android.intent.action.MAIN cat=[android.intent.category.LAUNCHER] flg=0x10200000 cmp=io.kirmani.tango.treehacks/.MainActivity bnds=[740,929][916,1105]} from pid 1234
I/ActivityManager(  899): Start proc io.kirmani.tango.treehacks for activity io.kirmani.tango.treehacks/.MainActivity: pid=11827 uid=10113 gids={50113, 3003}
I/ActivityManager(  899): START u0 {cmp=com.projecttango.tango/com.google.atap.tango.RequestPermissionActivity (has extras)} from pid 11827
W/ActivityManager(  899): Activity pause timeout for ActivityRecord{654486a8 u0 io.kirmani.tango.treehacks/.MainActivity t163}
W/WindowManager(  899): Rebuild removed 6 windows but added 5
W/WindowManager(  899): java.lang.RuntimeException: here
W/WindowManager(  899): 	at com.android.server.wm.WindowManagerService.rebuildAppWindowListLocked(WindowManagerService.java:8048)
W/WindowManager(  899): 	at com.android.server.wm.WindowManagerService.rebuildAppWindowListLocked(WindowManagerService.java:7984)
W/WindowManager(  899): 	at com.android.server.wm.WindowManagerService.handleAnimatingStoppedAndTransitionLocked(WindowManagerService.java:8728)
W/WindowManager(  899): 	at com.android.server.wm.WindowManagerService.performLayoutAndPlaceSurfacesLockedInner(WindowManagerService.java:9242)
W/WindowManager(  899): 	at com.android.server.wm.WindowManagerService.performLayoutAndPlaceSurfacesLockedLoop(WindowManagerService.java:8200)
W/WindowManager(  899): 	at com.android.server.wm.WindowManagerService.performLayoutAndPlaceSurfacesLocked(WindowManagerService.java:8142)
W/WindowManager(  899): 	at com.android.server.wm.WindowManagerService.access$300(WindowManagerService.java:158)
W/WindowManager(  899): 	at com.android.server.wm.WindowManagerService$H.handleMessage(WindowManagerService.java:7175)
W/WindowManager(  899): 	at android.os.Handler.dispatchMessage(Handler.java:102)
W/WindowManager(  899): 	at android.os.Looper.loop(Looper.java:136)
W/WindowManager(  899): 	at android.os.HandlerThread.run(HandlerThread.java:61)
W/WindowManager(  899): This window was lost: Window{6547e6c0 u0 Starting io.kirmani.tango.treehacks}
W/WindowManager(  899): mDisplayId=0 mSession=Session{650dfeb0 899:1000} mClient=android.view.ViewRootImpl$W@65510788
W/WindowManager(  899): mOwnerUid=1000 mShowToOwnerOnly=false package=io.kirmani.tango.treehacks appop=NONE
W/WindowManager(  899): mAttrs=WM.LayoutParams{(0,0)(fillxfill) sim=#20 ty=3 fl=#1830118 pfl=0x19 wanim=0x10302a1}
W/WindowManager(  899): Requested w=1920 h=1104 mLayoutSeq=6047
W/WindowManager(  899): mBaseLayer=21000 mSubLayer=0 mAnimLayer=21030+1000=21030 mLastLayer=22030
W/WindowManager(  899): mToken=AppWindowToken{653fc670 token=Token{6555dde0 ActivityRecord{65316d30 u0 com.projecttango.tango/com.google.atap.tango.RequestPermissionActivity t163}}}
W/WindowManager(  899): mRootToken=AppWindowToken{653fc670 token=Token{6555dde0 ActivityRecord{65316d30 u0 com.projecttango.tango/com.google.atap.tango.RequestPermissionActivity t163}}}
W/WindowManager(  899): mAppToken=AppWindowToken{653fc670 token=Token{6555dde0 ActivityRecord{65316d30 u0 com.projecttango.tango/com.google.atap.tango.RequestPermissionActivity t163}}}
W/WindowManager(  899): mViewVisibility=0x0 mHaveFrame=true mObscured=false
W/WindowManager(  899): mSeq=0 mSystemUiVisibility=0x0
W/WindowManager(  899): mGivenContentInsets=[0,0][0,0] mGivenVisibleInsets=[0,0][0,0]
W/WindowManager(  899): mConfiguration={1.0 ?mcc?mnc en_US ldltr sw600dp w960dp h527dp 320dpi lrg land finger -keyb/v/h -nav/h s.32}
W/WindowManager(  899): mHasSurface=true mShownFrame=[114.19696,65.66327][2034.197,1169.6633] isReadyForDisplay()=false
W/WindowManager(  899): mFrame=[0,0][1920,1104] last=[0,0][1920,1104]
W/WindowManager(  899): mSystemDecorRect=[0,50][1920,1104] last=[0,50][1920,1104]
W/WindowManager(  899): Frames: containing=[0,0][1920,1104] parent=[0,0][1920,1104]
W/WindowManager(  899):     display=[0,0][1920,1104] overscan=[0,0][1920,1200]
W/WindowManager(  899):     content=[0,50][1920,1104] visible=[0,50][1920,1104]
W/WindowManager(  899):     decor=[0,50][1920,1104]
W/WindowManager(  899): Cur insets: overscan=[0,0][0,0] content=[0,50][0,0] visible=[0,50][0,0]
W/WindowManager(  899): Lst insets: overscan=[0,0][0,0] content=[0,50][0,0] visible=[0,50][0,0]
W/WindowManager(  899): WindowStateAnimator{655e7e70 Starting io.kirmani.tango.treehacks}:
W/WindowManager(  899):   mSurface=Surface(name=Starting io.kirmani.tango.treehacks)
W/WindowManager(  899):   mDrawState=HAS_DRAWN mLastHidden=true
W/WindowManager(  899):   Surface: shown=false layer=22030 alpha=0.40522403 rect=(114.19696,65.66327) 1920.0 x 1104.0
W/WindowManager(  899):   mShownAlpha=0.40522403 mAlpha=1.0 mLastAlpha=0.40522403
W/WindowManager(  899):   mGlobalScale=1.0 mDsDx=0.8810448 mDtDx=0.0 mDsDy=0.0 mDtDy=0.8810448
W/WindowManager(  899): mExiting=false mRemoveOnExit=false mDestroying=true mRemoved=false
W/WindowManager(  899): Current app token list:
V/WindowManager(  899):   Display 0
V/WindowManager(  899):   #3: Token{654d24c8 ActivityRecord{654486a8 u0 io.kirmani.tango.treehacks/.MainActivity t163}}
V/WindowManager(  899):   #2: Token{6513bf18 ActivityRecord{649d62e8 u0 com.android.launcher/com.android.launcher2.Launcher t1}}
V/WindowManager(  899):   #1: Token{6513ace0 ActivityRecord{648e50b8 u0 com.android.systemui/.recent.RecentsActivity t160}}
V/WindowManager(  899):   #0: Token{6539e748 ActivityRecord{6529ff48 u0 com.android.settings/.applications.InstalledAppDetails t111}}
W/WindowManager(  899): Final window list:
V/WindowManager(  899):   #0: Window{65568b88 u0 SearchPanel}
V/WindowManager(  899):   #1: Window{65180a28 u0 NavigationBar}
V/WindowManager(  899):   #2: Window{650354f8 u0 StatusBar}
V/WindowManager(  899):   #3: Window{65123550 u0 Keyguard}
V/WindowManager(  899):   #4: Window{650e2040 u0 KeyguardScrim}
V/WindowManager(  899):   #5: Window{653b8538 u0 InputMethod}
V/WindowManager(  899):   #6: Window{654b7f68 u0 io.kirmani.tango.treehacks/io.kirmani.tango.treehacks.MainActivity}
V/WindowManager(  899):   #7: Window{65599360 u0 SurfaceView}
V/WindowManager(  899):   #8: Window{6512eaa0 u0 com.android.launcher/com.android.launcher2.Launcher}
V/WindowManager(  899):   #9: Window{65595e70 u0 com.android.systemui/com.android.systemui.recent.RecentsActivity}
V/WindowManager(  899):   #10: Window{654b1678 u0 com.android.settings/com.android.settings.applications.InstalledAppDetails}
V/WindowManager(  899):   #11: Window{6511e0c8 u0 com.android.systemui.ImageWallpaper}
W/ActivityManager(  899):   Force finishing activity io.kirmani.tango.treehacks/.MainActivity
I/BootReceiver(  899): Copying /data/tombstones/tombstone_07 to DropBox (SYSTEM_TOMBSTONE)
I/WindowState(  899): WIN DEATH: Window{654b7f68 u0 io.kirmani.tango.treehacks/io.kirmani.tango.treehacks.MainActivity}
I/WindowState(  899): WIN DEATH: Window{65599360 u0 SurfaceView}
W/ActivityManager(  899): Exception thrown during pause
W/ActivityManager(  899): android.os.DeadObjectException
W/ActivityManager(  899): 	at android.os.BinderProxy.transact(Native Method)
W/ActivityManager(  899): 	at android.app.ApplicationThreadProxy.schedulePauseActivity(ApplicationThreadNative.java:660)
W/ActivityManager(  899): 	at com.android.server.am.ActivityStack.startPausingLocked(ActivityStack.java:768)
W/ActivityManager(  899): 	at com.android.server.am.ActivityStack.finishActivityLocked(ActivityStack.java:2473)
W/ActivityManager(  899): 	at com.android.server.am.ActivityStack.finishTopRunningActivityLocked(ActivityStack.java:2347)
W/ActivityManager(  899): 	at com.android.server.am.ActivityStackSupervisor.finishTopRunningActivityLocked(ActivityStackSupervisor.java:2045)
W/ActivityManager(  899): 	at com.android.server.am.ActivityManagerService.handleAppCrashLocked(ActivityManagerService.java:9569)
W/ActivityManager(  899): 	at com.android.server.am.ActivityManagerService.makeAppCrashingLocked(ActivityManagerService.java:9462)
W/ActivityManager(  899): 	at com.android.server.am.ActivityManagerService.crashApplication(ActivityManagerService.java:10107)
W/ActivityManager(  899): 	at com.android.server.am.ActivityManagerService.handleApplicationCrashInner(ActivityManagerService.java:9658)
W/ActivityManager(  899): 	at com.android.server.am.NativeCrashListener$NativeCrashReporter.run(NativeCrashListener.java:86)
I/ActivityManager(  899): Process io.kirmani.tango.treehacks (pid 11827) has died.
--------- beginning of /dev/log/main
E/tango   ( 4745): data-manager.cc:121 e2e_vio_num_filter_resets 0
E/BufferQueue( 4745): [unnamed-4745-142] consumerDisconnect: No consumer is connected!
E/BufferQueue( 4745): [unnamed-4745-143] consumerDisconnect: No consumer is connected!
E/BufferQueue( 4745): [unnamed-4745-141] consumerDisconnect: No consumer is connected!
I/tango   ( 4745): tango-context.cc:533 TangoContext: Runtime has shut down!
I/tango   ( 4745): TangoService.cc:133 ThreadLoop stopped Tango Runtime.
D/Raydium_ts_main(  241): ## Report rate in 10 seconds =599 
W/InputMethodManagerService(  899): Got RemoteException sending setActive(false) notification to pid 11827 uid 10113
W/Binder  ( 1148): Caught a RuntimeException from the binder stub implementation.
W/Binder  ( 1148): java.lang.NullPointerException: Attempt to invoke virtual method 'android.view.inputmethod.InputMethodSession android.inputmethodservice.IInputMethodSessionWrapper.getInternalInputMethodSession()' on a null object reference
W/Binder  ( 1148): 	at android.inputmethodservice.IInputMethodWrapper.setSessionEnabled(IInputMethodWrapper.java:280)
W/Binder  ( 1148): 	at com.android.internal.view.IInputMethod$Stub.onTransact(IInputMethod.java:129)
W/Binder  ( 1148): 	at android.os.Binder.execTransact(Binder.java:404)
I/Keyboard.Facilitator( 1148): onFinishInput()
D/Raydium_ts_main(  241): ## Report rate in 10 seconds =625 
D/ChimeraCfgMgr( 1452): Loading module com.google.android.gms.cast from APK com.google.android.gms
V/PanelView( 1040): animationTick called with dtms=0; nothing to do (h=565.0 v=2538.325)
D/PhoneStatusBar( 1040): disable: < expand icons alerts TICKER* SYSTEM_INFO* back home recent clock search >
D/ChimeraCfgMgr( 1452): Loading module com.google.android.gms.cast from APK com.google.android.gms
D/MdnsClient( 1452): #acquireLock. Multicast lock not held. Acquiring
V/PanelView( 1040): animationTick called with dtms=0; nothing to do (h=661.9582 v=-2748.5828)
D/PhoneStatusBar( 1040): disable: < expand icons alerts ticker* system_info* back home recent clock search >
D/ChimeraCfgMgr( 1452): Loading module com.google.android.gms.cast from APK com.google.android.gms
D/MdnsClient( 1452): Multicast lock held. Releasing
W/InputMethodManagerService(  899): Window already focused, ignoring focus gain of: com.android.internal.view.IInputMethodClient$Stub$Proxy@6506ebf0 attribute=null, token = android.os.BinderProxy@65307418
I/ActivityManager(  899): START u0 {act=android.intent.action.MAIN cat=[android.intent.category.LAUNCHER] flg=0x10200000 cmp=io.kirmani.tango.treehacks/.MainActivity bnds=[740,929][916,1105]} from pid 1234
W/art     (  164): Could not get current activity
I/ActivityManager(  899): Start proc io.kirmani.tango.treehacks for activity io.kirmani.tango.treehacks/.MainActivity: pid=12050 uid=10113 gids={50113, 3003}
I/Rajawali(12050): Rajawali | Anchor Steam | v1.0 
E/libEGL  (12050): call to OpenGL ES API with no current context (logged once per thread)
D/libEGL  (12050): loaded /system/lib/egl/libEGL_tegra.so
I/        (12050): Attempting to load EGL implementation libEGL_tegra_impl
I/        (12050): Loaded EGL implementation libEGL_tegra_impl
D/libEGL  (12050): loaded /system/lib/egl/libGLESv1_CM_tegra.so
D/libEGL  (12050): loaded /system/lib/egl/libGLESv2_tegra.so
I/tango_client_api(12050): TangoErrorType TangoService_initialize(JNIEnv*, jobject): Beginning initialization...
I/tango_client_api(12050): Tango Service: com.projecttango.tango, versionCode: 7974 (client requires >= 2705)
I/tango_client_api(12050): TangoErrorType TangoService_initialize(JNIEnv*, jobject): (in TangoErrorType TangoService_initializeLOCKED(const char*)) Doing new initialization...
I/tango_client_api(12050): TangoErrorType TangoService_initialize(JNIEnv*, jobject): Done initializing, error code = 0.
I/ActivityManager(  899): START u0 {cmp=com.projecttango.tango/com.google.atap.tango.RequestPermissionActivity (has extras)} from pid 12050
I/tango_client_api(12050): void* TangoService_getConfig(TangoConfigType): Getting config...
I/tango_client_api( 4745): Tango Service: getConfig, internal status 0
I/tango_client_api(12050): void* TangoService_getConfig(TangoConfigType): Done getting config.
I/Tango   (12050): com.projecttango.tango version: 7974
I/tango_client_api(12050): void* TangoService_getConfig(TangoConfigType): Getting config...
I/tango_client_api( 4745): Tango Service: getConfig, internal status 0
I/tango_client_api(12050): void* TangoService_getConfig(TangoConfigType): Done getting config.
I/tango_client_api(12050): TangoErrorType TangoService_connect(void*, TangoConfig): Connecting to Tango...
I/tango   ( 4745): permission-handler.cc:63 App com.projecttango.experiments.javaarealearning has ADF permissions.
I/tango   ( 4745): permission-handler.cc:63 App com.projecttango.experiments.nativearealearning has ADF permissions.
I/tango   ( 4745): permission-handler.cc:63 App com.inosur.arbasket has ADF permissions.
I/tango   ( 4745): permission-handler.cc:63 App com.calebmadsen.roomcalcfree has ADF permissions.
I/tango   ( 4745): permission-handler.cc:63 App com.projecttango.tangoexplorer has ADF permissions.
I/tango   ( 4745): permission-handler.cc:63 App com.projecttango.adfinspector has ADF permissions.
I/tango   ( 4745): permission-handler.cc:63 App io.kirmani.tango.treehacks has ADF permissions.
I/tango   ( 4745): TangoService.cc:99 ThreadLoop creating Runtime.
I/tango   ( 4745): tango-context.cc:427 Data source is '[Superframes]'
I/tango   ( 4745): tango-hal-device-wrapper.cc:64 Failed to open libtango_hal.so: dlopen failed: library "libtango_hal.so" not found
E/tango   ( 4745): tango-hal-sensor-graph.cc:85 Could not open device shared library!
I/tango   ( 4745): application-base.cc:139 Using sensor graph.
I/tango   ( 4745): ocv-freak-feature-tracker.cc:68 Max keypoints which will be sent for descriptor extraction after pruning: 800
I/tango   ( 4745): ocv-freak-feature-tracker.cc:73 Number of stages in which frame-frame matching will be run: 2
W/tango   ( 4745): gpu-dog-pyramid.cc:104 CUDA has an error prior to starting module: invalid argument
I/tango   ( 4745): ocv-freak-feature-tracker.cc:68 Max keypoints which will be sent for descriptor extraction after pruning: 800
I/tango   ( 4745): ocv-freak-feature-tracker.cc:73 Number of stages in which frame-frame matching will be run: 2
I/tango   ( 4745): native-sensors.cc:84 Have calibrated gyro
D/Sensors (  899): Writing packet 54 30 0B 00 74 
I/Camera2ClientBase(  169): Camera 0: Opened
I/ProCamera2Client(  169): ProCamera 0: Opened
D/Sensors (  899): Writing packet 54 35 0B 00 74 
E/Sensors (  899): [nosae] setDelay: 10000000 sec
D/Sensors (  899): Writing packet 54 32 0B 04 10 27 00 00 74 
E/Sensors (  899): [nosae] setDelay: 8000000 sec
D/Sensors (  899): Writing packet 54 32 0A 04 40 1F 00 00 74 
E/Sensors (  899): [nosae] setDelay: 10000000 sec
D/Sensors (  899): Writing packet 54 32 0B 04 10 27 00 00 74 
E/Sensors (  899): [nosae] setDelay: 10000000 sec
D/Sensors (  899): Writing packet 54 32 0A 04 10 27 00 00 74 
I/tango   ( 4745): native-sensors.cc:101 Have calibrated mag
D/Sensors (  899): Writing packet 54 30 0C 00 74 
D/NvOsDebugPrintf(  169): NvOdmImagerGetLayout
D/NvOsDebugPrintf(  169): NvOdmImagerGetModuleList
D/NvOsDebugPrintf(  169): ImagerExtractModuleLayout (Ver 0) 0 modules, 3 devices
D/NvOsDebugPrintf(  169): SensorBayerOV4682_GetHal ov4682
D/NvOsDebugPrintf(  169): NvOdmImagerGetModuleList
D/NvOsDebugPrintf(  169): ImagerExtractModuleLayout (Ver 0) 0 modules, 3 devices
D/NvOsDebugPrintf(  169): NvOdmImagerGetModuleList
D/NvOsDebugPrintf(  169): ImagerExtractModuleLayout (Ver 0) 0 modules, 3 devices
D/NvOsDebugPrintf(  169): SensorBayer_SetPowerLevel 3
D/Sensors (  899): Writing packet 54 35 0C 00 74 
E/Sensors (  899): [nosae] setDelay: 33000000 sec
D/Sensors (  899): Writing packet 54 32 0C 04 E8 80 00 00 74 
E/Sensors (  899): [nosae] setDelay: 50000000 sec
D/Sensors (  899): Writing packet 54 32 0C 04 50 C3 00 00 74 
E/Sensors (  899): [nosae] setDelay: 8000000 sec
D/Sensors (  899): Writing packet 54 32 0A 04 40 1F 00 00 74 
E/Sensors (  899): [nosae] setDelay: 8000000 sec
D/Sensors (  899): Writing packet 54 32 0A 04 40 1F 00 00 74 
D/NvOsDebugPrintf(  169): OV4682 Camera fd open as: 38
D/NvOsDebugPrintf(  169): NvCameraIspInitialize: disable3A=0x0
D/NvOsDebugPrintf(  169): AFConfigParamsSanityCheck: Warning: settle_time too large: 100, capped to 30
D/NvOsDebugPrintf(  169): -- NvIspAFinit -- min 0, max 0
D/NvOsDebugPrintf(  169): NvIspSetStats: WARNING: FM can't be enabled because AP is not enabled!!
D/NvOsDebugPrintf(  169): SensorBayer_SetPowerLevel 3
I/ov4682-camera( 4745): Raw 4682 camera of size 1280 720
I/Camera2ClientBase(  169): Camera 1: Opened
I/ProCamera2Client(  169): ProCamera 1: Opened
E/Sensors (  899): [nosae] setDelay: 8000000 sec
D/Sensors (  899): Writing packet 54 32 0A 04 40 1F 00 00 74 
E/Sensors (  899): [nosae] setDelay: 8000000 sec
D/Sensors (  899): Writing packet 54 32 0A 04 40 1F 00 00 74 
D/NvOsDebugPrintf(  169): NvOdmImagerGetLayout
D/NvOsDebugPrintf(  169): NvOdmImagerGetModuleList
D/NvOsDebugPrintf(  169): ImagerExtractModuleLayout (Ver 0) 0 modules, 3 devices
D/NvOsDebugPrintf(  169): SensorBayerOV7251_GetHal ov7251
D/NvOsDebugPrintf(  169): Camera 25hz is '0'
D/NvOsDebugPrintf(  169): NvOdmImagerGetModuleList
D/NvOsDebugPrintf(  169): ImagerExtractModuleLayout (Ver 0) 0 modules, 3 devices
D/NvOsDebugPrintf(  169): NvOdmImagerGetModuleList
D/NvOsDebugPrintf(  169): ImagerExtractModuleLayout (Ver 0) 0 modules, 3 devices
D/NvOsDebugPrintf(  169): SensorBayer_SetPowerLevel 3
D/NvOsDebugPrintf(  169): OV7251 Camera fd open as: 49
D/NvOsDebugPrintf(  169): NvCameraIspInitialize: disable3A=0x0
D/NvOsDebugPrintf(  169): AFConfigParamsSanityCheck: Warning: settle_time too large: 100, capped to 30
D/NvOsDebugPrintf(  169): -- NvIspAFinit -- min 0, max 0
D/NvOsDebugPrintf(  169): NvIspSetStats: WARNING: FM can't be enabled because AP is not enabled!!
D/NvOsDebugPrintf(  169): SensorBayer_SetPowerLevel 3
I/tango   ( 4745): application-base.cc:386 Generated new dataset metadata with id 1ace8ad1-2b06-4756-9992-a920636a11d9
I/tango   ( 4745): recorder-graph.cc:383 Starting recorders.
I/tango   ( 4745): tango-service-application.cc:235 Tango Service: Enabled modes:
I/tango   ( 4745): tango-service-application.cc:236 Depth enabled.
I/tango   ( 4745): tango-service-application.cc:239 Learning enabled.
I/tango   ( 4745): tango-service-application.cc:240 Motion Tracking enabled.
I/tango   ( 4745): tango-service-application.cc:242 Auto Recovery enabled.
I/tango   ( 4745): tango-service-application.cc:247 Tango Service: All config flag settings:
I/tango   ( 4745): {
I/tango   ( 4745): "config_color_mode_auto": true,
I/tango   ( 4745): "config_color_iso": 100,
I/tango   ( 4745): "config_color_exp": 11100000,
I/tango   ( 4745): "config_enable_auto_recovery": true,
I/tango   ( 4745): "config_enable_color_camera": false,
I/tango   ( 4745): "config_enable_depth": true,
I/tango   ( 4745): "config_enable_low_latency_imu_integration": true,
I/tango   ( 4745): "config_enable_learning_mode": true,
I/tango   ( 4745): "config_enable_motion_tracking": true,
I/tango   ( 4745): "config_experimental_dataset_recording_mode": 0,
I/tango   ( 4745): "config_experimental_enable_dataset_recording": false,
I/tango   ( 4745): "config_experimental_high_accuracy_small_scale_adf": false,
I/tango   ( 4745): "config_experimental_load_dataset_UUID": "",
I/tango   ( 4745): "config_high_rate_pose": true,
I/tango   ( 4745): "config_smooth_pose": true,
I/tango   ( 4745): "config_load_area_description_UUID": "",
I/tango   ( 4745): "config_load_dataset": "",
I/tango   ( 4745): "tango_service_library_version": "160201-054f1b2-armeabi-v7a-android-19",
I/tango   ( 4745): "config_experimental_enable_dense_alignment": false,
I/tango   ( 4745): "config_experimental_enable_scene_reconstruction": false,
I/tango   ( 4745): "depth_period_in_seconds": 0.2,
I/tango   ( 4745): "max_point_cloud_elements": 60000,
I/tango   ( 4745): "run_motion_trackin
I/tango   ( 4745): g_for_VR": false,
I/tango   ( 4745): "sensor_status_min_features": 50,
I/tango   ( 4745): "sensor_status_min_pixel_value": 50,
I/tango   ( 4745): "sensor_status_max_pixel_value": 150
I/tango   ( 4745): }
I/tango   ( 4745): vio-helper.cc:70 Use calibrated IMU scale factors.
I/tango   ( 4745): vio-helper.cc:82 Use calibrated IMU misalignment factors.
I/tango   ( 4745): vio-helper.cc:70 Use calibrated IMU scale factors.
I/tango   ( 4745): vio-helper.cc:82 Use calibrated IMU misalignment factors.
E/Sensors (  899): [nosae] setDelay: 10000000 sec
D/Sensors (  899): Writing packet 54 32 0B 04 10 27 00 00 74 
I/tango   ( 4745): tango-service-application.cc:149 Sparse mapping is configured for pose-graph with structure construction.
I/tango   ( 4745): tango-service-application.cc:648 Sparse mapping is using feature descriptor: lens_invariant_ocvfreak
E/Sensors (  899): [nosae] setDelay: 10000000 sec
D/Sensors (  899): Writing packet 54 32 0B 04 10 27 00 00 74 
E/Sensors (  899): [nosae] setDelay: 8000000 sec
D/Sensors (  899): Writing packet 54 32 0A 04 40 1F 00 00 74 
E/Sensors (  899): [nosae] setDelay: 8000000 sec
D/Sensors (  899): Writing packet 54 32 0A 04 40 1F 00 00 74 
I/tango   ( 4745): loop-detector-manager.cc:215 Using the matching-based loop detector.
W/ActivityManager(  899): Activity pause timeout for ActivityRecord{654f5a40 u0 io.kirmani.tango.treehacks/.MainActivity t164}
I/RequestPermissionActivity( 1734): Permission was already granted.
D/NvOsDebugPrintf(  169): ----t12x-Calibration unfinished.
I/tango_client_api( 4745): Tango Service: connect, internal status 0
I/tango_client_api(12050): TangoErrorType TangoService_connect(void*, TangoConfig): Successfully connected to Tango.
D/MainActivity(12050): com.google.atap.tangoservice.TangoConfig@648f3ee0
I/tango_client_api(12050): TangoErrorType TangoService_connectOnPoseAvailable(uint32_t, const TangoCoordinateFramePair*, void (*)(void*, const TangoPoseData*), ...): Connecting callbacks...
I/tango_client_api( 4745): Tango Service: setPoseListenerFrames, internal status 0
I/tango_client_api(12050): TangoErrorType TangoService_connectOnPoseAvailable(uint32_t, const TangoCoordinateFramePair*, void (*)(void*, const TangoPoseData*), ...): Done connecting callbacks.
I/tango_client_api(12050): TangoErrorType TangoService_connectOnTangoEvent(void (*)(void*, const TangoEvent*), ...): Connecting callbacks...
I/tango_client_api(12050): TangoErrorType TangoService_connectOnTangoEvent(void (*)(void*, const TangoEvent*), ...): Done connecting callbacks.
I/tango_client_api(12050): TangoErrorType TangoService_getCameraIntrinsics(TangoCameraId, TangoCameraIntrinsics*): Getting camera intrinsics...
I/tango_client_api( 4745): Tango Service: getCameraIntrinsics, internal status 0
I/tango_client_api(12050): TangoErrorType TangoService_getCameraIntrinsics(TangoCameraId, TangoCameraIntrinsics*): Done getting camera intrinsics.
I/tango-client-api-jni(12050): ConnectTexture context 0x484b90f0, camera 0, texture -1
I/tango_client_api(12050): TangoErrorType TangoService_connectTextureId(TangoCameraId, unsigned int, void*, void (*)(void*, TangoCameraId)): camera_id = 0, texture_id = -1.
I/tango   ( 4745): tango-context.cc:848 Connecting color camera for listener with id = 12050
I/tango_client_api( 4745): Tango Service: connectCamera(0), internal status 0
I/tango_client_api(12050): TangoErrorType TangoService_connectTextureId(TangoCameraId, unsigned int, void*, void (*)(void*, TangoCameraId)): Done connecting texture.
I/tango_client_api(12050): TangoErrorType TangoService_getCameraIntrinsics(TangoCameraId, TangoCameraIntrinsics*): Getting camera intrinsics...
I/tango_client_api( 4745): Tango Service: getCameraIntrinsics, internal status 0
I/tango_client_api(12050): TangoErrorType TangoService_getCameraIntrinsics(TangoCameraId, TangoCameraIntrinsics*): Done getting camera intrinsics.
I/Camera3-OutputStream(  169): enqueue first Preview frame or first video frame
I/tango   ( 4745): gpu-freak-descriptor.cc:314 Rotation invariance for ocv FREAK descriptor is: 1
I/tango   ( 4745): gpu-freak-descriptor.cc:315 No. of octaves to be used in opencv descriptor module 4
I/tango-client-api-jni(12050): DisconnectTexture context 0x484b90f0, camera 0
I/tango_client_api(12050): TangoErrorType TangoService_disconnectCamera(TangoCameraId): Disconnecting camera_id = 0...
I/tango_client_api(12050): TangoErrorType TangoService_disconnectCamera(TangoCameraId): Done disconnecting camera.
I/tango_client_api(12050): void TangoService_disconnect(): Disconnecting from Tango...
I/tango   ( 4745): TangoService.cc:129 ThreadLoop attempting disconnect number 48.
I/tango   ( 4745): tango-context.cc:512 TangoContext: Shutting down runtime...
I/tango   ( 4745): tango-service-application.cc:318 TangoServiceApplication: Stopping service application...
I/tango   ( 4745): sensor-graph.cc:1002 Stop requested.
I/Camera3-OutputStream(  169): enqueue first Preview frame or first video frame
I/tango   ( 4745): gpu-freak-descriptor.cc:292 Loaded LuT for CUDA FREAK.
I/tango   ( 4745): gpu-freak-descriptor.cc:399 Input image is from the fisheye camera.
I/tango   ( 4745): gpu-freak-descriptor.cc:434 Extracting Lens Invariant FREAK descriptors using camera intrinsics.
W/tango   ( 4745): gpu-gaussian-pyramid-float.cc:98 CUDA has an error prior to starting module: invalid argument
I/tango   ( 4745): feature-matching.cc:25 Running gyro-assisted tracker every 3 frame.
D/NvOsDebugPrintf(  169): routeResultFromCAM: WARNING: only 0 requests in flight on sensor 0, frame drops likely
D/NvOsDebugPrintf(  169): routeResultFromCAM: WARNING: only 0 requests in flight on sensor 1, frame drops likely
D/Sensors (  899): Writing packet 54 36 0C 00 74 
D/Sensors (  899): Writing packet 54 31 0C 00 74 
E/Sensors (  899): [nosae] setDelay: 10000000 sec
D/Sensors (  899): Writing packet 54 32 0B 04 10 27 00 00 74 
E/Sensors (  899): [nosae] setDelay: 8000000 sec
D/Sensors (  899): Writing packet 54 32 0A 04 40 1F 00 00 74 
D/NvOsDebugPrintf(  169): NvCamScaler_OutputThread-- (error 0x0)
D/NvOsDebugPrintf(  169): SensorBayer_SetPowerLevel 1
E/Sensors (  899): [nosae] setDelay: 8000000 sec
D/Sensors (  899): Writing packet 54 32 0A 04 40 1F 00 00 74 
I/Camera2ClientBase(  169): Closed Camera 0
D/NvOsDebugPrintf(  169): NvCamScaler_OutputThread-- (error 0x0)
D/NvOsDebugPrintf(  169): SensorBayer_SetPowerLevel 1
E/Sensors (  899): [nosae] setDelay: 8000000 sec
D/Sensors (  899): Writing packet 54 32 0A 04 40 1F 00 00 74 
I/tango   ( 4745): sensor-graph.cc:914 Sending last_published_feature_tracks_and_imu_timestamp NaN
W/tango   ( 4745): sparse-mapping-graph.cc:268 SparseMappingGraph: It's the end of days! timestamp = NaN
W/tango   ( 4745): sparse-mapping-graph.cc:377 SparseMappingGraph::ProcessAsynchronous: got last timestamp: stop.
D/Sensors (  899): Writing packet 54 36 0B 00 74 
I/Camera2ClientBase(  169): Closed Camera 1
D/Sensors (  899): Writing packet 54 31 0B 00 74 
E/Sensors (  899): [nosae] setDelay: 66667000 sec
D/Sensors (  899): Writing packet 54 32 0A 04 6B 04 01 00 74 
I/tango   ( 4745): tango-service-application.cc:341 TangoServiceApplication: Joined successfully.
I/tango   ( 4745): sensor-graph.cc:999 Sensor graph is already stopped.
I/tango   ( 4745): sensor-graph.cc:999 Sensor graph is already stopped.
I/tango   ( 4745): ocv-freak-feature-tracker.cc:110 Total num. of frame-frame matches 0
I/tango   ( 4745): ocv-freak-feature-tracker.cc:111 Total num. of frame-frame matches bookkeeping 0
I/tango   ( 4745): ocv-freak-feature-tracker.cc:110 Total num. of frame-frame matches 0
I/tango   ( 4745): ocv-freak-feature-tracker.cc:111 Total num. of frame-frame matches bookkeeping 0
E/tango   ( 4745): data-manager.cc:121 e2e_vio_num_filter_resets 0
E/BufferQueue( 4745): [unnamed-4745-145] consumerDisconnect: No consumer is connected!
E/BufferQueue( 4745): [unnamed-4745-146] consumerDisconnect: No consumer is connected!
E/BufferQueue( 4745): [unnamed-4745-144] consumerDisconnect: No consumer is connected!
I/tango   ( 4745): tango-context.cc:533 TangoContext: Runtime has shut down!
I/tango   ( 4745): TangoService.cc:133 ThreadLoop stopped Tango Runtime.
I/tango_client_api( 4745): Tango Service: disconnect complete, returning.
I/tango_client_api(12050): void TangoService_disconnect(): Successfully disconnected from Tango.
I/tango_client_api(12050): void* TangoService_getConfig(TangoConfigType): Getting config...
I/tango_client_api( 4745): Tango Service: getConfig, internal status 0
I/tango_client_api(12050): void* TangoService_getConfig(TangoConfigType): Done getting config.
I/Tango   (12050): com.projecttango.tango version: 7974
I/tango_client_api(12050): void* TangoService_getConfig(TangoConfigType): Getting config...
I/tango_client_api( 4745): Tango Service: getConfig, internal status 0
I/tango_client_api(12050): void* TangoService_getConfig(TangoConfigType): Done getting config.
I/tango_client_api(12050): TangoErrorType TangoService_connect(void*, TangoConfig): Connecting to Tango...
I/tango   ( 4745): permission-handler.cc:63 App com.projecttango.experiments.javaarealearning has ADF permissions.
I/tango   ( 4745): permission-handler.cc:63 App com.projecttango.experiments.nativearealearning has ADF permissions.
I/tango   ( 4745): permission-handler.cc:63 App com.inosur.arbasket has ADF permissions.
I/tango   ( 4745): permission-handler.cc:63 App com.calebmadsen.roomcalcfree has ADF permissions.
I/tango   ( 4745): permission-handler.cc:63 App com.projecttango.tangoexplorer has ADF permissions.
I/tango   ( 4745): permission-handler.cc:63 App com.projecttango.adfinspector has ADF permissions.
I/tango   ( 4745): permission-handler.cc:63 App io.kirmani.tango.treehacks has ADF permissions.
I/tango   ( 4745): TangoService.cc:99 ThreadLoop creating Runtime.
I/tango   ( 4745): tango-context.cc:427 Data source is '[Superframes]'
I/tango   ( 4745): tango-hal-device-wrapper.cc:64 Failed to open libtango_hal.so: dlopen failed: library "libtango_hal.so" not found
E/tango   ( 4745): tango-hal-sensor-graph.cc:85 Could not open device shared library!
I/tango   ( 4745): application-base.cc:139 Using sensor graph.
I/tango   ( 4745): ocv-freak-feature-tracker.cc:68 Max keypoints which will be sent for descriptor extraction after pruning: 800
I/tango   ( 4745): ocv-freak-feature-tracker.cc:73 Number of stages in which frame-frame matching will be run: 2
W/tango   ( 4745): gpu-dog-pyramid.cc:104 CUDA has an error prior to starting module: invalid argument
I/tango   ( 4745): ocv-freak-feature-tracker.cc:68 Max keypoints which will be sent for descriptor extraction after pruning: 800
I/tango   ( 4745): ocv-freak-feature-tracker.cc:73 Number of stages in which frame-frame matching will be run: 2
I/tango   ( 4745): native-sensors.cc:84 Have calibrated gyro
D/Sensors (  899): Writing packet 54 30 0B 00 74 
I/Camera2ClientBase(  169): Camera 0: Opened
I/ProCamera2Client(  169): ProCamera 0: Opened
D/Sensors (  899): Writing packet 54 35 0B 00 74 
E/Sensors (  899): [nosae] setDelay: 10000000 sec
D/Sensors (  899): Writing packet 54 32 0B 04 10 27 00 00 74 
E/Sensors (  899): [nosae] setDelay: 8000000 sec
D/Sensors (  899): Writing packet 54 32 0A 04 40 1F 00 00 74 
E/Sensors (  899): [nosae] setDelay: 10000000 sec
D/Sensors (  899): Writing packet 54 32 0B 04 10 27 00 00 74 
E/Sensors (  899): [nosae] setDelay: 10000000 sec
D/Sensors (  899): Writing packet 54 32 0A 04 10 27 00 00 74 
I/tango   ( 4745): native-sensors.cc:101 Have calibrated mag
D/Sensors (  899): Writing packet 54 30 0C 00 74 
D/NvOsDebugPrintf(  169): NvOdmImagerGetLayout
D/NvOsDebugPrintf(  169): NvOdmImagerGetModuleList
D/NvOsDebugPrintf(  169): ImagerExtractModuleLayout (Ver 0) 0 modules, 3 devices
D/NvOsDebugPrintf(  169): SensorBayerOV4682_GetHal ov4682
D/NvOsDebugPrintf(  169): NvOdmImagerGetModuleList
D/NvOsDebugPrintf(  169): ImagerExtractModuleLayout (Ver 0) 0 modules, 3 devices
D/NvOsDebugPrintf(  169): NvOdmImagerGetModuleList
D/NvOsDebugPrintf(  169): ImagerExtractModuleLayout (Ver 0) 0 modules, 3 devices
D/NvOsDebugPrintf(  169): SensorBayer_SetPowerLevel 3
D/Sensors (  899): Writing packet 54 35 0C 00 74 
E/Sensors (  899): [nosae] setDelay: 33000000 sec
D/Sensors (  899): Writing packet 54 32 0C 04 E8 80 00 00 74 
E/Sensors (  899): [nosae] setDelay: 50000000 sec
D/Sensors (  899): Writing packet 54 32 0C 04 50 C3 00 00 74 
E/Sensors (  899): [nosae] setDelay: 8000000 sec
D/Sensors (  899): Writing packet 54 32 0A 04 40 1F 00 00 74 
E/Sensors (  899): [nosae] setDelay: 8000000 sec
D/Sensors (  899): Writing packet 54 32 0A 04 40 1F 00 00 74 
D/NvOsDebugPrintf(  169): OV4682 Camera fd open as: 38
D/NvOsDebugPrintf(  169): NvCameraIspInitialize: disable3A=0x0
D/NvOsDebugPrintf(  169): AFConfigParamsSanityCheck: Warning: settle_time too large: 100, capped to 30
D/NvOsDebugPrintf(  169): -- NvIspAFinit -- min 0, max 0
D/NvOsDebugPrintf(  169): NvIspSetStats: WARNING: FM can't be enabled because AP is not enabled!!
D/NvOsDebugPrintf(  169): SensorBayer_SetPowerLevel 3
I/ov4682-camera( 4745): Raw 4682 camera of size 1280 720
I/Camera2ClientBase(  169): Camera 1: Opened
I/ProCamera2Client(  169): ProCamera 1: Opened
E/Sensors (  899): [nosae] setDelay: 8000000 sec
D/Sensors (  899): Writing packet 54 32 0A 04 40 1F 00 00 74 
E/Sensors (  899): [nosae] setDelay: 8000000 sec
D/Sensors (  899): Writing packet 54 32 0A 04 40 1F 00 00 74 
D/NvOsDebugPrintf(  169): NvOdmImagerGetLayout
D/NvOsDebugPrintf(  169): NvOdmImagerGetModuleList
D/NvOsDebugPrintf(  169): ImagerExtractModuleLayout (Ver 0) 0 modules, 3 devices
D/NvOsDebugPrintf(  169): SensorBayerOV7251_GetHal ov7251
D/NvOsDebugPrintf(  169): Camera 25hz is '0'
D/NvOsDebugPrintf(  169): NvOdmImagerGetModuleList
D/NvOsDebugPrintf(  169): ImagerExtractModuleLayout (Ver 0) 0 modules, 3 devices
D/NvOsDebugPrintf(  169): NvOdmImagerGetModuleList
D/NvOsDebugPrintf(  169): ImagerExtractModuleLayout (Ver 0) 0 modules, 3 devices
D/NvOsDebugPrintf(  169): SensorBayer_SetPowerLevel 3
D/NvOsDebugPrintf(  169): OV7251 Camera fd open as: 49
D/NvOsDebugPrintf(  169): NvCameraIspInitialize: disable3A=0x0
D/NvOsDebugPrintf(  169): AFConfigParamsSanityCheck: Warning: settle_time too large: 100, capped to 30
D/NvOsDebugPrintf(  169): -- NvIspAFinit -- min 0, max 0
D/NvOsDebugPrintf(  169): NvIspSetStats: WARNING: FM can't be enabled because AP is not enabled!!
D/NvOsDebugPrintf(  169): SensorBayer_SetPowerLevel 3
I/tango   ( 4745): application-base.cc:386 Generated new dataset metadata with id d9cd327a-99a1-4f4d-b7da-92e8c3789b74
I/tango   ( 4745): recorder-graph.cc:383 Starting recorders.
I/tango   ( 4745): tango-service-application.cc:235 Tango Service: Enabled modes:
I/tango   ( 4745): tango-service-application.cc:236 Depth enabled.
I/tango   ( 4745): tango-service-application.cc:239 Learning enabled.
I/tango   ( 4745): tango-service-application.cc:240 Motion Tracking enabled.
I/tango   ( 4745): tango-service-application.cc:242 Auto Recovery enabled.
I/tango   ( 4745): tango-service-application.cc:247 Tango Service: All config flag settings:
I/tango   ( 4745): {
I/tango   ( 4745): "config_color_mode_auto": true,
I/tango   ( 4745): "config_color_iso": 100,
I/tango   ( 4745): "config_color_exp": 11100000,
I/tango   ( 4745): "config_enable_auto_recovery": true,
I/tango   ( 4745): "config_enable_color_camera": false,
I/tango   ( 4745): "config_enable_depth": true,
I/tango   ( 4745): "config_enable_low_latency_imu_integration": true,
I/tango   ( 4745): "config_enable_learning_mode": true,
I/tango   ( 4745): "config_enable_motion_tracking": true,
I/tango   ( 4745): "config_experimental_dataset_recording_mode": 0,
I/tango   ( 4745): "config_experimental_enable_dataset_recording": false,
I/tango   ( 4745): "config_experimental_high_accuracy_small_scale_adf": false,
I/tango   ( 4745): "config_experimental_load_dataset_UUID": "",
I/tango   ( 4745): "config_high_rate_pose": true,
I/tango   ( 4745): "config_smooth_pose": true,
I/tango   ( 4745): "config_load_area_description_UUID": "",
I/tango   ( 4745): "config_load_dataset": "",
I/tango   ( 4745): "tango_service_library_version": "160201-054f1b2-armeabi-v7a-android-19",
I/tango   ( 4745): "config_experimental_enable_dense_alignment": false,
I/tango   ( 4745): "config_experimental_enable_scene_reconstruction": false,
I/tango   ( 4745): "depth_period_in_seconds": 0.2,
I/tango   ( 4745): "max_point_cloud_elements": 60000,
I/tango   ( 4745): "run_motion_trackin
I/tango   ( 4745): g_for_VR": false,
I/tango   ( 4745): "sensor_status_min_features": 50,
I/tango   ( 4745): "sensor_status_min_pixel_value": 50,
I/tango   ( 4745): "sensor_status_max_pixel_value": 150
I/tango   ( 4745): }
I/tango   ( 4745): vio-helper.cc:70 Use calibrated IMU scale factors.
I/tango   ( 4745): vio-helper.cc:82 Use calibrated IMU misalignment factors.
I/tango   ( 4745): vio-helper.cc:70 Use calibrated IMU scale factors.
I/tango   ( 4745): vio-helper.cc:82 Use calibrated IMU misalignment factors.
I/tango   ( 4745): tango-service-application.cc:149 Sparse mapping is configured for pose-graph with structure construction.
I/tango   ( 4745): tango-service-application.cc:648 Sparse mapping is using feature descriptor: lens_invariant_ocvfreak
E/Sensors (  899): [nosae] setDelay: 10000000 sec
D/Sensors (  899): Writing packet 54 32 0B 04 10 27 00 00 74 
E/Sensors (  899): [nosae] setDelay: 10000000 sec
D/Sensors (  899): Writing packet 54 32 0B 04 10 27 00 00 74 
E/Sensors (  899): [nosae] setDelay: 8000000 sec
D/Sensors (  899): Writing packet 54 32 0A 04 40 1F 00 00 74 
E/Sensors (  899): [nosae] setDelay: 8000000 sec
D/Sensors (  899): Writing packet 54 32 0A 04 40 1F 00 00 74 
I/tango   ( 4745): loop-detector-manager.cc:215 Using the matching-based loop detector.
D/NvOsDebugPrintf(  169): ----t12x-Calibration unfinished.
I/Camera3-OutputStream(  169): enqueue first Preview frame or first video frame
I/tango   ( 4745): gpu-freak-descriptor.cc:314 Rotation invariance for ocv FREAK descriptor is: 1
I/tango   ( 4745): gpu-freak-descriptor.cc:315 No. of octaves to be used in opencv descriptor module 4
W/InputDispatcher(  899): Asynchronous input event injection failed.
I/InputDispatcher(  899): Dropped event because the current application is not responding and the user has started interacting with a different application.
I/InputDispatcher(  899): Dropped event because the current application is not responding and the user has started interacting with a different application.
I/InputDispatcher(  899): Dropped event because the current application is not responding and the user has started interacting with a different application.
I/InputDispatcher(  899): Dropped event because the current application is not responding and the user has started interacting with a different application.
I/InputDispatcher(  899): Dropped event because the current application is not responding and the user has started interacting with a different application.
I/InputDispatcher(  899): Dropped event because the current application is not responding and the user has started interacting with a different application.
I/InputDispatcher(  899): Dropped event because the current application is not responding and the user has started interacting with a different application.
I/InputDispatcher(  899): Dropped event because the current application is not responding and the user has started interacting with a different application.
I/InputDispatcher(  899): Dropped event because the current application is not responding and the user has started interacting with a different application.
I/InputDispatcher(  899): Dropped event because the current application is not responding and the user has started interacting with a different application.
I/InputDispatcher(  899): Dropped event because the current application is not responding and the user has started interacting with a different application.
I/InputDispatcher(  899): Dropped event because the current application is not responding and the user has started interacting with a different application.
I/InputDispatcher(  899): Dropped event because the current application is not responding and the user has started interacting with a different application.
I/InputDispatcher(  899): Dropped event because the current application is not responding and the user has started interacting with a different application.
I/InputDispatcher(  899): Dropped event because the current application is not responding and the user has started interacting with a different application.
I/InputDispatcher(  899): Dropped event because the current application is not responding and the user has started interacting with a different application.
I/InputDispatcher(  899): Dropped event because the current application is not responding and the user has started interacting with a different application.
I/InputDispatcher(  899): Dropped event because the current application is not responding and the user has started interacting with a different application.
I/InputDispatcher(  899): Dropped event because the current application is not responding and the user has started interacting with a different application.
I/InputDispatcher(  899): Dropped event because the current application is not responding and the user has started interacting with a different application.
I/InputDispatcher(  899): Dropped event because the current application is not responding and the user has started interacting with a different application.
W/InputDispatcher(  899): Asynchronous input event injection failed.
I/InputDispatcher(  899): Dropped event because the current application is not responding and the user has started interacting with a different application.
I/tango_client_api( 4745): Tango Service: connect, internal status 0
I/tango_client_api( 4745): Tango Service: setPoseListenerFrames, internal status 0
I/tango_client_api(12050): TangoErrorType TangoService_connect(void*, TangoConfig): Successfully connected to Tango.
D/MainActivity(12050): com.google.atap.tangoservice.TangoConfig@64905220
I/tango_client_api(12050): TangoErrorType TangoService_connectOnPoseAvailable(uint32_t, const TangoCoordinateFramePair*, void (*)(void*, const TangoPoseData*), ...): Connecting callbacks...
I/tango_client_api( 4745): Tango Service: setPoseListenerFrames, internal status 0
I/tango_client_api(12050): TangoErrorType TangoService_connectOnPoseAvailable(uint32_t, const TangoCoordinateFramePair*, void (*)(void*, const TangoPoseData*), ...): Done connecting callbacks.
I/tango_client_api(12050): TangoErrorType TangoService_connectOnTangoEvent(void (*)(void*, const TangoEvent*), ...): Connecting callbacks...
I/tango_client_api(12050): TangoErrorType TangoService_connectOnTangoEvent(void (*)(void*, const TangoEvent*), ...): Done connecting callbacks.
I/tango_client_api(12050): TangoErrorType TangoService_getCameraIntrinsics(TangoCameraId, TangoCameraIntrinsics*): Getting camera intrinsics...
I/tango_client_api( 4745): Tango Service: getCameraIntrinsics, internal status 0
