I/DEBUG   (  162):     bebd6b58 00000860 414e38a1 400a0384 4149ef90  
I/DEBUG   (  162):     bebd6b68 416f1ea8 416b5cbc 4b8b9660 00000000  
I/DEBUG   (  162):     bebd6b78 0000080a 414e4177 4a180e99 ffffffff  
I/DEBUG   (  162):     bebd6b88 4b78c844 4b78c840 4a180639 4a17fdd8  
I/DEBUG   (  162):     bebd6b98 416b5cbc f5eb0e23 ffffffff bebd6c78  
I/DEBUG   (  162):     bebd6ba8 4b78c840 416b5cbc 416f1ea8 416f1ea8  
I/DEBUG   (  162):     bebd6bb8 bebd6c04 416b6ce0 41684f94 414ebad9  
I/DEBUG   (  162):     bebd6bc8 ffffffff 47a591ec 47a59200 f5eb0e23  
I/DEBUG   (  162):     bebd6bd8 00000000 00000000 47147b90 400a0384  
I/DEBUG   (  162):     bebd6be8 416b6d50 4168462c 41684640 416845f4  
I/DEBUG   (  162):     bebd6bf8 4168462c 41684640 00000009 4b78c840  
I/DEBUG   (  162):     bebd6c08 00000000 00000007 416f1ea8 00000001  
I/DEBUG   (  162):     bebd6c18 00000001 00000000 416f2128 416eebe8  
I/DEBUG   (  162):     bebd6c28 41683920 416b5cbc 400a0384 00000001  
I/DEBUG   (  162):     bebd6c38 400a0384 400a0384 4713fbd8 00000000  
I/DEBUG   (  162):     bebd6c48 416f4f80 00000009 bebd6eec 416f1ea8  
I/DEBUG   (  162): 
I/DEBUG   (  162): memory near ip:
I/DEBUG   (  162):     416b5c9c 41676c91 414e1411 414e0be1 414e0c41  
I/DEBUG   (  162):     416b5cac 414e0c21 414e0c81 414e0c01 414e0c61  
I/DEBUG   (  162):     416b5cbc 00000000 00000000 00000000 4007af81  
I/DEBUG   (  162):     416b5ccc 4007ae85 40073fb8 40073960 400ad927  
I/DEBUG   (  162):     416b5cdc 4008dd1c 400ad931 40075091 40245bdd  
I/DEBUG   (  162):     416b5cec 400ad919 4024c401 40245b45 4007453c  
I/DEBUG   (  162):     416b5cfc 40259c2d 40245e59 4024c37b 40245b8b  
I/DEBUG   (  162):     416b5d0c 4024c38f 4024c411 4024c44b 4024453b  
I/DEBUG   (  162):     416b5d1c 40259c29 4024d7a5 40065441 4005f944  
I/DEBUG   (  162):     416b5d2c 40063f21 4008c68f 4007b299 400481fd  
I/DEBUG   (  162):     416b5d3c 400723b8 40078909 4007229c 40073f38  
I/DEBUG   (  162):     416b5d4c 40066465 40071d1c 40073b58 4008c697  
I/DEBUG   (  162):     416b5d5c 40075a9c 4007ad15 400ad919 400ad927  
I/DEBUG   (  162):     416b5d6c 4008ced0 4008dc88 400c708c 400722e4  
I/DEBUG   (  162):     416b5d7c 400722bc 40072a7c 400726cc 4007272c  
I/DEBUG   (  162):     416b5d8c 4007227c 40072350 4007ff0d 40072440  
I/DEBUG   (  162): 
I/DEBUG   (  162): memory near sp:
I/DEBUG   (  162):     bebd6ac8 4b78c8e8 fffffbcc bebd6b4c 4005fc51  
I/DEBUG   (  162):     bebd6ad8 40261390 414e37db 400a0384 4149ef90  
I/DEBUG   (  162):     bebd6ae8 00000006 00000002 00002f12 416b5cbc  
I/DEBUG   (  162):     bebd6af8 416b5cbc 40065011 00000006 00000000  
I/DEBUG   (  162):     bebd6b08 bebd6c04 40065225 bebd6b1c 40063f5b  
I/DEBUG   (  162):     bebd6b18 4b78c8e8 ffffffdf 00000006 416b6d00  
I/DEBUG   (  162):     bebd6b28 416b6d50 bebd6c04 416b5cbc 416b6d00  
I/DEBUG   (  162):     bebd6b38 416b6d50 40073830 00000000 41638261  
I/DEBUG   (  162):     bebd6b48 416b5cbc 00000000 bebd6b80 4a17fdd8  
I/DEBUG   (  162):     bebd6b58 00000860 414e38a1 400a0384 4149ef90  
I/DEBUG   (  162):     bebd6b68 416f1ea8 416b5cbc 4b8b9660 00000000  
I/DEBUG   (  162):     bebd6b78 0000080a 414e4177 4a180e99 ffffffff  
I/DEBUG   (  162):     bebd6b88 4b78c844 4b78c840 4a180639 4a17fdd8  
I/DEBUG   (  162):     bebd6b98 416b5cbc f5eb0e23 ffffffff bebd6c78  
I/DEBUG   (  162):     bebd6ba8 4b78c840 416b5cbc 416f1ea8 416f1ea8  
I/DEBUG   (  162):     bebd6bb8 bebd6c04 416b6ce0 41684f94 414ebad9  
I/DEBUG   (  162): 
I/DEBUG   (  162): code around pc:
I/DEBUG   (  162):     40073f58 e8bd00f0 e3700a01 912fff1e e2600000  
I/DEBUG   (  162):     40073f68 ea006f7c e92d50f0 e3a07f43 ef000000  
I/DEBUG   (  162):     40073f78 e8bd50f0 e3700a01 912fff1e e2600000  
I/DEBUG   (  162):     40073f88 ea006f74 e92d50f0 e3a070ee ef000000  
I/DEBUG   (  162):     40073f98 e8bd50f0 e3700a01 912fff1e e2600000  
I/DEBUG   (  162):     40073fa8 ea006f6c 00000000 e1520003 8a0000ab  
I/DEBUG   (  162):     40073fb8 f5d1f040 e92d4001 e3520000 11500001  
I/DEBUG   (  162):     40073fc8 08bd8001 f5d1f000 f5d1f040 e3520020  
I/DEBUG   (  162):     40073fd8 3a00008f e3520080 3a000084 e2603000  
I/DEBUG   (  162):     40073fe8 e213303f 0a000015 e0422003 e1b0cf83  
I/DEBUG   (  162):     40073ff8 44d1c001 44c0c001 24d1c001 24c0c001  
I/DEBUG   (  162):     40074008 24d1c001 24c0c001 e1b0ce83 5a000001  
I/DEBUG   (  162):     40074018 f4a1030d f480031d 3a000001 f421070d  
I/DEBUG   (  162):     40074028 f400071d e1b0cd83 5a000001 f4210a0d  
I/DEBUG   (  162):     40074038 f4000a2d 3a000001 f421020d f400023d  
I/DEBUG   (  162):     40074048 f5d1f080 f5d1f0c0 e3520902 3a000004  
I/DEBUG   (  162): 
I/DEBUG   (  162): code around lr:
I/DEBUG   (  162):     40064ff0 447b4b13 42b3e010 4812d10e 44786a1e  
I/DEBUG   (  162):     40065000 ec90f7fb e9d8f00d 46224631 efaef00e  
I/DEBUG   (  162):     40065010 d00a3001 e00b2400 2b00681b 480ad1eb  
I/DEBUG   (  162):     40065020 44782403 ec7ef7fb f001e002 6804fa1b  
I/DEBUG   (  162):     40065030 fa18f001 46206005 bf00bd70 0003b3b2  
I/DEBUG   (  162):     40065040 0003b3a6 0003b39e 0003b37a bf7ef7ff  
I/DEBUG   (  162):     40065050 4a3e4b3d 43f0e92d 4606b08b 447b460d  
I/DEBUG   (  162):     40065060 6823589c 930946a1 f9fcf001 8000f8d0  
I/DEBUG   (  162):     40065070 d0482d00 f0104628 280ff80b d8444604  
I/DEBUG   (  162):     40065080 ffe4f7ff d1064286 4629200f e8a2f00d  
I/DEBUG   (  162):     40065090 d03c2800 482ee02e f7fb4478 482debc2  
I/DEBUG   (  162):     400650a0 e0154478 d11342b0 482b6a06 f7fb4478  
I/DEBUG   (  162):     400650b0 4a2aec3a 46332120 447aa801 fc24f013  
I/DEBUG   (  162):     400650c0 a8012101 ff22f01a 46061c42 e011d104  
I/DEBUG   (  162):     400650d0 28006800 e02cd1e6 46294630 f00d4622  
I/DEBUG   (  162):     400650e0 1c43e8de d11e4607 f9bcf001 29046801  
I/BootReceiver(  899): Copying /data/tombstones/tombstone_08 to DropBox (SYSTEM_TOMBSTONE)
W/ActivityManager(  899):   Force finishing activity io.kirmani.tango.treehacks/.MainActivity
I/tango   ( 4745): TangoService.cc:129 ThreadLoop attempting disconnect number 51.
I/tango   ( 4745): tango-context.cc:512 TangoContext: Shutting down runtime...
I/tango   ( 4745): tango-service-application.cc:318 TangoServiceApplication: Stopping service application...
I/tango   ( 4745): sensor-graph.cc:999 Sensor graph is already stopped.
I/tango   ( 4745): tango-service-application.cc:341 TangoServiceApplication: Joined successfully.
I/tango   ( 4745): sensor-graph.cc:999 Sensor graph is already stopped.
I/tango   ( 4745): sensor-graph.cc:999 Sensor graph is already stopped.
E/st-log  ( 4745): 
E/st-log  ( 4745): 
E/st-log  ( 4745): 
E/st-log  ( 4745): 
W/InputDispatcher(  899): channel '6549eb00 io.kirmani.tango.treehacks/io.kirmani.tango.treehacks.MainActivity (server)' ~ Consumer closed input channel or an error occurred.  events=0x9
E/InputDispatcher(  899): channel '6549eb00 io.kirmani.tango.treehacks/io.kirmani.tango.treehacks.MainActivity (server)' ~ Channel is unrecoverably broken and will be disposed!
W/InputDispatcher(  899): channel '648cd610 io.kirmani.tango.treehacks/io.kirmani.tango.treehacks.MainActivity (server)' ~ Consumer closed input channel or an error occurred.  events=0x9
E/InputDispatcher(  899): channel '648cd610 io.kirmani.tango.treehacks/io.kirmani.tango.treehacks.MainActivity (server)' ~ Channel is unrecoverably broken and will be disposed!
D/phs:ipc-loc(  181): Socket 18: hangup from client "io.kirmani.tango.treehacks"
W/InputDispatcher(  899): Attempted to unregister already unregistered input channel '6549eb00 io.kirmani.tango.treehacks/io.kirmani.tango.treehacks.MainActivity (server)'
I/WindowState(  899): WIN DEATH: Window{6549eb00 u0 io.kirmani.tango.treehacks/io.kirmani.tango.treehacks.MainActivity}
W/WindowManager(  899): Force-removing child win Window{65439390 u0 SurfaceView} from container Window{6549eb00 u0 io.kirmani.tango.treehacks/io.kirmani.tango.treehacks.MainActivity}
W/InputDispatcher(  899): Attempted to unregister already unregistered input channel '648cd610 io.kirmani.tango.treehacks/io.kirmani.tango.treehacks.MainActivity (server)'
I/WindowState(  899): WIN DEATH: Window{648cd610 u0 io.kirmani.tango.treehacks/io.kirmani.tango.treehacks.MainActivity}
W/WindowManager(  899): Failed looking up window
W/WindowManager(  899): java.lang.IllegalArgumentException: Requested window android.os.BinderProxy@654a5320 does not exist
W/WindowManager(  899): 	at com.android.server.wm.WindowManagerService.windowForClientLocked(WindowManagerService.java:7960)
W/WindowManager(  899): 	at com.android.server.wm.WindowManagerService.windowForClientLocked(WindowManagerService.java:7951)
W/WindowManager(  899): 	at com.android.server.wm.WindowState$DeathRecipient.binderDied(WindowState.java:1047)
W/WindowManager(  899): 	at android.os.BinderProxy.sendDeathNotice(Binder.java:493)
I/WindowState(  899): WIN DEATH: null
I/WindowState(  899): WIN DEATH: Window{651eb270 u0 SurfaceView}
W/ActivityManager(  899): Exception thrown during pause
W/ActivityManager(  899): android.os.DeadObjectException
W/ActivityManager(  899): 	at android.os.BinderProxy.transact(Native Method)
W/ActivityManager(  899): 	at android.app.ApplicationThreadProxy.schedulePauseActivity(ApplicationThreadNative.java:660)
W/ActivityManager(  899): 	at com.android.server.am.ActivityStack.startPausingLocked(ActivityStack.java:768)
W/ActivityManager(  899): 	at com.android.server.am.ActivityStack.finishActivityLocked(ActivityStack.java:2473)
W/ActivityManager(  899): 	at com.android.server.am.ActivityStack.finishTopRunningActivityLocked(ActivityStack.java:2347)
W/ActivityManager(  899): 	at com.android.server.am.ActivityStackSupervisor.finishTopRunningActivityLocked(ActivityStackSupervisor.java:2045)
W/ActivityManager(  899): 	at com.android.server.am.ActivityManagerService.handleAppCrashLocked(ActivityManagerService.java:9569)
W/ActivityManager(  899): 	at com.android.server.am.ActivityManagerService.makeAppCrashingLocked(ActivityManagerService.java:9462)
W/ActivityManager(  899): 	at com.android.server.am.ActivityManagerService.crashApplication(ActivityManagerService.java:10107)
W/ActivityManager(  899): 	at com.android.server.am.ActivityManagerService.handleApplicationCrashInner(ActivityManagerService.java:9658)
W/ActivityManager(  899): 	at com.android.server.am.NativeCrashListener$NativeCrashReporter.run(NativeCrashListener.java:86)
I/ActivityManager(  899): Process io.kirmani.tango.treehacks (pid 12050) has died.
I/tango   ( 4745): ocv-freak-feature-tracker.cc:110 Total num. of frame-frame matches 50306
I/tango   ( 4745): ocv-freak-feature-tracker.cc:111 Total num. of frame-frame matches bookkeeping 0
I/art     (  164): Process 12050 terminated by signal (6)
I/tango   ( 4745): ocv-freak-feature-tracker.cc:110 Total num. of frame-frame matches 0
I/tango   ( 4745): ocv-freak-feature-tracker.cc:111 Total num. of frame-frame matches bookkeeping 0
E/tango   ( 4745): data-manager.cc:121 e2e_vio_num_filter_resets 0
E/BufferQueue( 4745): [unnamed-4745-154] consumerDisconnect: No consumer is connected!
E/BufferQueue( 4745): [unnamed-4745-155] consumerDisconnect: No consumer is connected!
E/BufferQueue( 4745): [unnamed-4745-153] consumerDisconnect: No consumer is connected!
I/tango   ( 4745): tango-context.cc:533 TangoContext: Runtime has shut down!
I/tango   ( 4745): TangoService.cc:133 ThreadLoop stopped Tango Runtime.
D/Raydium_ts_main(  241): ## Report rate in 10 seconds =1071 
W/InputMethodManagerService(  899): Got RemoteException sending setActive(false) notification to pid 12050 uid 10113
W/Binder  ( 1148): Caught a RuntimeException from the binder stub implementation.
W/Binder  ( 1148): java.lang.NullPointerException: Attempt to invoke virtual method 'android.view.inputmethod.InputMethodSession android.inputmethodservice.IInputMethodSessionWrapper.getInternalInputMethodSession()' on a null object reference
W/Binder  ( 1148): 	at android.inputmethodservice.IInputMethodWrapper.setSessionEnabled(IInputMethodWrapper.java:280)
W/Binder  ( 1148): 	at com.android.internal.view.IInputMethod$Stub.onTransact(IInputMethod.java:129)
W/Binder  ( 1148): 	at android.os.Binder.execTransact(Binder.java:404)
I/Keyboard.Facilitator( 1148): onFinishInput()
E/WifiController(  899): Not handled here 155652
D/WifiController(  899): battery changed pluggedType: 2
I/Keyboard.Facilitator.LanguageModelFlusher( 1148): run()
I/Keyboard.Facilitator( 1148): flushDynamicLanguageModels()
I/ConfigService( 1165): onCreate
I/ConfigService( 1165): onDestroy
D/Raydium_ts_main(  241): ## Report rate in 10 seconds =671 
I/Keyboard.Facilitator( 1148): onFinishInput()
E/WifiController(  899): Not handled here 155652
D/WifiController(  899): battery changed pluggedType: 2
D/Raydium_ts_main(  241): ## Report rate in 10 seconds =1249 
D/Raydium_ts_main(  241): ## Report rate in 10 seconds =1257 
I/Keyboard.Facilitator.LanguageModelFlusher( 1148): run()
I/Keyboard.Facilitator( 1148): flushDynamicLanguageModels()
I/ConfigService( 1165): onCreate
I/ConfigService( 1165): onDestroy
E/WifiController(  899): Not handled here 155652
D/WifiController(  899): battery changed pluggedType: 2
E/WifiStateMachine(  899): scanCount==0 - aborting
D/WifiStateMachine(  899): VerifyingLinkState enter
D/WifiStateMachine(  899): VerifyingLinkState GOOD_LINK_DETECTED: transition to captive portal check
D/WifiStateMachine(  899): CaptivePortalCheckState enter
D/ConnectivityService(  899): Captive portal check NetworkInfo: type: WIFI[], state: CONNECTING/CAPTIVE_PORTAL_CHECK, reason: (unspecified), extra: "treehacks", roaming: false, failover: false, isAvailable: true, isConnectedToProvisioningNetwork: false
D/ConnectivityService(  899): handleCaptivePortalTrackerCheck: call captivePortalCheckComplete ni=NetworkInfo: type: WIFI[], state: CONNECTING/CAPTIVE_PORTAL_CHECK, reason: (unspecified), extra: "treehacks", roaming: false, failover: false, isAvailable: true, isConnectedToProvisioningNetwork: false
D/WifiStateMachine(  899): CaptivePortalCheckState CMD_CAPTIVE_CHECK_COMPLETE
D/ConnectivityService(  899): ConnectivityChange for WIFI: CONNECTED/CONNECTED
E/ConnectivityService(  899): Unexpected mtu value: android.net.wifi.WifiStateTracker@64f2a178
D/ConnectivityService(  899): handleConnectivityChange: address are the same reset per doReset linkProperty[1]: resetMask=0
D/Nat464Xlat(  899): requiresClat: netType=1, hasIPv4Address=true
D/ConnectivityService(  899): NetTransition Wakelock for ConnectedState released by timeout
D/Tethering(  899): MasterInitialState.processMessage what=3
D/MusicLifecycle(29982): com.google.android.music.net.NetworkMonitor$2 generated event: Broadcast received with context com.google.android.music.net.NetworkMonitor@64b80b60 and intent Intent { act=android.net.conn.CONNECTIVITY_CHANGE flg=0x4000010 (has extras) }
I/NetworkMonitor(29982): type=WIFI subType= reason=null isConnected=true
D/MusicLifecycle(29982): com.google.android.music.leanback.AutoCacheSchedulingService$ActionReceiver generated event: Broadcast received with context android.app.ReceiverRestrictedContext@64b79110 and intent Intent { act=android.net.conn.CONNECTIVITY_CHANGE flg=0x4000010 cmp=com.google.android.music/.leanback.AutoCacheSchedulingService$ActionReceiver (has extras) }
D/MusicLifecycle(29982): com.google.android.music.leanback.AutoCacheSchedulingService generated event: Service created
I/ConfigService( 1165): onCreate
D/MusicLifecycle(29982): com.google.android.music.leanback.AutoCacheSchedulingService generated event: Service started with intent Intent { act=com.google.android.music.leanback.CONNECTIVITY_CHANGE cmp=com.google.android.music/.leanback.AutoCacheSchedulingService (has extras) }
D/MusicLifecycle(29982): com.google.android.music.download.TrackDownloadQueueService generated event: Service created
W/art     (  164): Could not get current activity
I/ActivityManager(  899): Start proc com.android.mms for broadcast com.android.mms/.transaction.MmsSystemEventReceiver: pid=12518 uid=10013 gids={50013, 3003, 1028, 1015}
D/MusicLifecycle(29982): com.google.android.music.download.cache.TrackCacheService generated event: Service created
I/MusicLeanback(29982): Conditions not met for autocaching. okToAttempt=false
I/MusicLeanback(29982): Stop autocaching.
D/MusicLifecycle(29982): com.google.android.music.download.cache.TrackCacheService generated event: Service destroyed
D/MusicLifecycle(29982): com.google.android.music.download.TrackDownloadQueueService generated event: Service destroyed
I/NetworkMonitor(29982): Successful Network Quality Client prediction bitrate = 14228
I/art     ( 1252): Heap trim of managed (duration=1.993ms, advised=40KB) and native (duration=2.737333ms, advised=0B) heaps. Managed heap utilization of 55%.
W/art     (12518): Failed to find ELF magic in /system/priv-app/Mms.odex: dey
D/CountryDetector(  899): The first listener is added
V/MmsConfig(12518): mnc/mcc: 
V/MmsConfig(12518): tag: bool value: enabledMMS - true
V/MmsConfig(12518): tag: int value: maxMessageSize - 307200
V/MmsConfig(12518): tag: int value: maxImageHeight - 480
V/MmsConfig(12518): tag: int value: maxImageWidth - 640
V/MmsConfig(12518): tag: int value: defaultSMSMessagesPerThread - 10000
V/MmsConfig(12518): tag: int value: defaultMMSMessagesPerThread - 1000
V/MmsConfig(12518): tag: int value: minMessageCountPerThread - 10
V/MmsConfig(12518): tag: int value: maxMessageCountPerThread - 5000
V/MmsConfig(12518): tag: string value: uaProfUrl - http://www.google.com/oha/rdf/ua-profile-kila.xml
V/MmsConfig(12518): tag: int value: recipientLimit - -1
V/MmsConfig(12518): tag: bool value: enableMultipartSMS - true
V/MmsConfig(12518): tag: int value: smsToMmsTextThreshold - -1
V/MmsConfig(12518): tag: bool value: enableSlideDuration - true
V/MmsConfig(12518): tag: int value: maxMessageTextSize - -1
V/SmsReceiverService(12518): onStart: #1 mResultCode: -1 = Activity.RESULT_OK
D/ConnectivityService(  899): handleInetConditionHoldEnd: net=1, condition=100, published condition=0
D/WifiController(  899): calling checkLocksDeviceActive
D/WifiService(  899): acquireWifiLockLocked: WifiLock{NlpWifiLock type=2 binder=android.os.BinderProxy@652cdd68}
D/WifiController(  899): entered checkLocksDeviceActive NoLockHeldActiveState
E/WifiController(  899): Illegal lock 2
D/WifiController(  899): Entered no lock held mode
D/WifiService(  899): returning scan only
D/WifiService(  899): returning scan only
D/WifiController(  899): calling checkLocksDeviceActive
D/WifiController(  899): entered checkLocksDeviceActive NoLockHeldActiveState
D/WifiController(  899): Entering no lock held mode
D/WifiController(  899): Entered no lock held mode
D/WifiService(  899): releaseWifiLockLocked: WifiLock{NlpWifiLock type=2 binder=android.os.BinderProxy@652cdd68}
I/ConfigService( 1165): onDestroy
E/WifiController(  899): Not handled here 155652
D/WifiController(  899): battery changed pluggedType: 2
