I/tango_client_api(12050): TangoErrorType TangoService_getCameraIntrinsics(TangoCameraId, TangoCameraIntrinsics*): Done getting camera intrinsics.
I/tango-client-api-jni(12050): ConnectTexture context 0x484b90f0, camera 0, texture -1
I/tango_client_api(12050): TangoErrorType TangoService_connectTextureId(TangoCameraId, unsigned int, void*, void (*)(void*, TangoCameraId)): camera_id = 0, texture_id = -1.
I/tango_client_api( 4745): Tango Service: connectCamera(0), internal status 0
I/tango   ( 4745): tango-context.cc:848 Connecting color camera for listener with id = 12050
I/tango_client_api(12050): TangoErrorType TangoService_connectTextureId(TangoCameraId, unsigned int, void*, void (*)(void*, TangoCameraId)): Done connecting texture.
I/tango_client_api(12050): TangoErrorType TangoService_getCameraIntrinsics(TangoCameraId, TangoCameraIntrinsics*): Getting camera intrinsics...
I/tango_client_api( 4745): Tango Service: getCameraIntrinsics, internal status 0
I/tango_client_api(12050): TangoErrorType TangoService_getCameraIntrinsics(TangoCameraId, TangoCameraIntrinsics*): Done getting camera intrinsics.
I/Choreographer(12050): Skipped 100 frames!  The application may be doing too much work on its main thread.
I/tango   ( 4745): gpu-freak-descriptor.cc:292 Loaded LuT for CUDA FREAK.
I/tango   ( 4745): gpu-freak-descriptor.cc:399 Input image is from the fisheye camera.
I/tango   ( 4745): gpu-freak-descriptor.cc:434 Extracting Lens Invariant FREAK descriptors using camera intrinsics.
W/tango   ( 4745): gpu-gaussian-pyramid-float.cc:98 CUDA has an error prior to starting module: invalid argument
I/tango   ( 4745): feature-matching.cc:25 Running gyro-assisted tracker every 3 frame.
I/Camera3-OutputStream(  169): enqueue first Preview frame or first video frame
I/        (12050): Loading GLESv2 implementation libGLESv2_tegra_impl
D/OpenGLRenderer(12050): Enabling debug mode 0
I/tango   ( 4745): vio-initializer.cc:593 Not accepting frame as first BA keyframe.
W/ViewRootImpl(12050): Dropping event due to no window focus: KeyEvent { action=ACTION_DOWN, keyCode=KEYCODE_BACK, scanCode=0, metaState=0, flags=0x48, repeatCount=0, eventTime=24334204, downTime=24334204, deviceId=-1, source=0x101 }
I/Camera3-OutputStream(  169): enqueue first Preview frame or first video frame
I/tango   ( 4745): native-camera.cc:646 Opening external depth with ir_cols=640 and ir_rows=360.
I/tango   ( 4745): external-depth.cc:114 Found libMantis-arm.so version 1.4.3
I/tango   ( 4745): external-depth.cc:119 Trying configuration: /system/vendor/mantis/config/config_YS_binning_DVT3.cfg
I/Keyboard.Facilitator( 1148): onFinishInput()
I/tango   ( 4745): vio-initializer.cc:593 Not accepting frame as first BA keyframe.
I/art     (12050): GcCauseBackground partial concurrent mark sweep GC freed 3567(226KB) AllocSpace objects, 1(36KB) LOS objects, 8% free, 2MB/3MB, paused 9.435ms total 34.360ms
E/Rajawali(12050): Getting location of uniform: uNormalMatrix returned -1!
E/Rajawali(12050): Getting location of uniform: uModelMatrix returned -1!
E/Rajawali(12050): Getting location of uniform: uModelViewMatrix returned -1!
E/Rajawali(12050): Getting location of uniform: uTime returned -1!
I/tango   ( 4745): vio-initializer.cc:593 Not accepting frame as first BA keyframe.
I/tango-client-api-jni(12050): ConnectTexture context 0x484b90f0, camera 0, texture 1
I/tango_client_api(12050): TangoErrorType TangoService_connectTextureId(TangoCameraId, unsigned int, void*, void (*)(void*, TangoCameraId)): camera_id = 0, texture_id = 1.
I/tango   ( 4745): tango-context.cc:848 Connecting color camera for listener with id = 12050
I/tango_client_api( 4745): Tango Service: connectCamera(0), internal status 0
I/tango_client_api(12050): TangoErrorType TangoService_connectTextureId(TangoCameraId, unsigned int, void*, void (*)(void*, TangoCameraId)): Done connecting texture.
W/MainActivity(12050): Unable to get device pose at time: 24334.658780332502
E/Rajawali(12050): Getting location of uniform: uModelMatrix returned -1!
E/Rajawali(12050): Getting location of uniform: uModelViewMatrix returned -1!
E/Rajawali(12050): Getting location of uniform: uTime returned -1!
E/Rajawali(12050): Getting location of uniform: uLightPosition0 returned -1!
W/WindowManager(  899): Rebuild removed 6 windows but added 5
W/WindowManager(  899): java.lang.RuntimeException: here
W/WindowManager(  899): 	at com.android.server.wm.WindowManagerService.rebuildAppWindowListLocked(WindowManagerService.java:8048)
W/WindowManager(  899): 	at com.android.server.wm.WindowManagerService.rebuildAppWindowListLocked(WindowManagerService.java:7984)
W/WindowManager(  899): 	at com.android.server.wm.WindowManagerService.handleAnimatingStoppedAndTransitionLocked(WindowManagerService.java:8728)
W/WindowManager(  899): 	at com.android.server.wm.WindowManagerService.performLayoutAndPlaceSurfacesLockedInner(WindowManagerService.java:9242)
W/WindowManager(  899): 	at com.android.server.wm.WindowManagerService.performLayoutAndPlaceSurfacesLockedLoop(WindowManagerService.java:8200)
W/WindowManager(  899): 	at com.android.server.wm.WindowManagerService.performLayoutAndPlaceSurfacesLocked(WindowManagerService.java:8142)
W/WindowManager(  899): 	at com.android.server.wm.WindowManagerService.access$300(WindowManagerService.java:158)
W/WindowManager(  899): 	at com.android.server.wm.WindowManagerService$H.handleMessage(WindowManagerService.java:7175)
W/WindowManager(  899): 	at android.os.Handler.dispatchMessage(Handler.java:102)
W/WindowManager(  899): 	at android.os.Looper.loop(Looper.java:136)
W/WindowManager(  899): 	at android.os.HandlerThread.run(HandlerThread.java:61)
W/WindowManager(  899): This window was lost: Window{65353898 u0 Starting io.kirmani.tango.treehacks}
W/WindowManager(  899): mDisplayId=0 mSession=Session{650dfeb0 899:1000} mClient=android.view.ViewRootImpl$W@648fb130
W/WindowManager(  899): mOwnerUid=1000 mShowToOwnerOnly=false package=io.kirmani.tango.treehacks appop=NONE
W/WindowManager(  899): mAttrs=WM.LayoutParams{(0,0)(fillxfill) sim=#20 ty=3 fl=#1830118 pfl=0x19 wanim=0x10302a1}
W/WindowManager(  899): Requested w=1920 h=1104 mLayoutSeq=6097
W/WindowManager(  899): mBaseLayer=21000 mSubLayer=0 mAnimLayer=21030+1000=21030 mLastLayer=22030
W/WindowManager(  899): mToken=AppWindowToken{655097f0 token=Token{652d3048 ActivityRecord{655fe510 u0 com.projecttango.tango/com.google.atap.tango.RequestPermissionActivity t164}}}
W/WindowManager(  899): mRootToken=AppWindowToken{655097f0 token=Token{652d3048 ActivityRecord{655fe510 u0 com.projecttango.tango/com.google.atap.tango.RequestPermissionActivity t164}}}
W/WindowManager(  899): mAppToken=AppWindowToken{655097f0 token=Token{652d3048 ActivityRecord{655fe510 u0 com.projecttango.tango/com.google.atap.tango.RequestPermissionActivity t164}}}
W/WindowManager(  899): mViewVisibility=0x0 mHaveFrame=true mObscured=false
W/WindowManager(  899): mSeq=0 mSystemUiVisibility=0x0
W/WindowManager(  899): mGivenContentInsets=[0,0][0,0] mGivenVisibleInsets=[0,0][0,0]
W/WindowManager(  899): mConfiguration={1.0 ?mcc?mnc en_US ldltr sw600dp w960dp h527dp 320dpi lrg land finger -keyb/v/h -nav/h s.32}
W/WindowManager(  899): mHasSurface=true mShownFrame=[171.20563,98.44324][2091.2056,1202.4432] isReadyForDisplay()=false
W/WindowManager(  899): mFrame=[0,0][1920,1104] last=[0,0][1920,1104]
W/WindowManager(  899): mSystemDecorRect=[0,50][1920,1104] last=[0,50][1920,1104]
W/WindowManager(  899): Frames: containing=[0,0][1920,1104] parent=[0,0][1920,1104]
W/WindowManager(  899):     display=[0,0][1920,1104] overscan=[0,0][1920,1200]
W/WindowManager(  899):     content=[0,50][1920,1104] visible=[0,50][1920,1104]
W/WindowManager(  899):     decor=[0,50][1920,1104]
W/WindowManager(  899): Cur insets: overscan=[0,0][0,0] content=[0,50][0,0] visible=[0,50][0,0]
W/WindowManager(  899): Lst insets: overscan=[0,0][0,0] content=[0,50][0,0] visible=[0,50][0,0]
W/WindowManager(  899): WindowStateAnimator{65525698 Starting io.kirmani.tango.treehacks}:
W/WindowManager(  899):   mSurface=Surface(name=Starting io.kirmani.tango.treehacks)
W/WindowManager(  899):   mDrawState=HAS_DRAWN mLastHidden=true
W/WindowManager(  899):   Surface: shown=false layer=22030 alpha=0.108303964 rect=(171.20563,98.44324) 1920.0 x 1104.0
W/WindowManager(  899):   mShownAlpha=0.108303964 mAlpha=1.0 mLastAlpha=0.108303964
W/WindowManager(  899):   mGlobalScale=1.0 mDsDx=0.8216608 mDtDx=0.0 mDsDy=0.0 mDtDy=0.8216608
W/WindowManager(  899): mExiting=false mRemoveOnExit=false mDestroying=true mRemoved=false
W/WindowManager(  899): Current app token list:
V/WindowManager(  899):   Display 0
V/WindowManager(  899):   #3: Token{655627c8 ActivityRecord{654f5a40 u0 io.kirmani.tango.treehacks/.MainActivity t164}}
V/WindowManager(  899):   #2: Token{6513bf18 ActivityRecord{649d62e8 u0 com.android.launcher/com.android.launcher2.Launcher t1}}
V/WindowManager(  899):   #1: Token{6513ace0 ActivityRecord{648e50b8 u0 com.android.systemui/.recent.RecentsActivity t160}}
V/WindowManager(  899):   #0: Token{6539e748 ActivityRecord{6529ff48 u0 com.android.settings/.applications.InstalledAppDetails t111}}
W/WindowManager(  899): Final window list:
V/WindowManager(  899):   #0: Window{65568b88 u0 SearchPanel}
V/WindowManager(  899):   #1: Window{65180a28 u0 NavigationBar}
V/WindowManager(  899):   #2: Window{650354f8 u0 StatusBar}
V/WindowManager(  899):   #3: Window{65123550 u0 Keyguard}
V/WindowManager(  899):   #4: Window{650e2040 u0 KeyguardScrim}
V/WindowManager(  899):   #5: Window{653b8538 u0 InputMethod}
V/WindowManager(  899):   #6: Window{6549eb00 u0 io.kirmani.tango.treehacks/io.kirmani.tango.treehacks.MainActivity}
V/WindowManager(  899):   #7: Window{65439390 u0 SurfaceView}
V/WindowManager(  899):   #8: Window{6512eaa0 u0 com.android.launcher/com.android.launcher2.Launcher}
V/WindowManager(  899):   #9: Window{65595e70 u0 com.android.systemui/com.android.systemui.recent.RecentsActivity}
V/WindowManager(  899):   #10: Window{654b1678 u0 com.android.settings/com.android.settings.applications.InstalledAppDetails}
V/WindowManager(  899):   #11: Window{6511e0c8 u0 com.android.systemui.ImageWallpaper}
W/MainActivity(12050): Unable to get device pose at time: 24334.658780332502
W/MainActivity(12050): Unable to get device pose at time: 24334.658780332502
W/MainActivity(12050): Unable to get device pose at time: 24334.658780332502
W/MainActivity(12050): Unable to get device pose at time: 24334.724314332503
W/MainActivity(12050): Unable to get device pose at time: 24334.757081332504
W/MainActivity(12050): Unable to get device pose at time: 24334.757081332504
W/MainActivity(12050): Unable to get device pose at time: 24334.757081332504
W/MainActivity(12050): Unable to get device pose at time: 24334.7898483325
W/MainActivity(12050): Unable to get device pose at time: 24334.8226153325
W/MainActivity(12050): Unable to get device pose at time: 24334.8226153325
W/MainActivity(12050): Unable to get device pose at time: 24334.855382332502
W/MainActivity(12050): Unable to get device pose at time: 24334.855382332502
W/MainActivity(12050): Unable to get device pose at time: 24334.855382332502
W/MainActivity(12050): Unable to get device pose at time: 24334.920916332503
W/MainActivity(12050): Unable to get device pose at time: 24334.920916332503
W/MainActivity(12050): Unable to get device pose at time: 24334.920916332503
W/MainActivity(12050): Unable to get device pose at time: 24334.920916332503
W/MainActivity(12050): Unable to get device pose at time: 24334.9864503325
W/MainActivity(12050): Unable to get device pose at time: 24334.9864503325
W/MainActivity(12050): Unable to get device pose at time: 24335.0192173325
W/MainActivity(12050): Unable to get device pose at time: 24335.0192173325
W/MainActivity(12050): Unable to get device pose at time: 24335.0192173325
W/MainActivity(12050): Unable to get device pose at time: 24335.051984332502
W/MainActivity(12050): Unable to get device pose at time: 24335.051984332502
W/MainActivity(12050): Unable to get device pose at time: 24335.051984332502
W/MainActivity(12050): Unable to get device pose at time: 24335.117518332503
W/MainActivity(12050): Unable to get device pose at time: 24335.150285332504
W/MainActivity(12050): Unable to get device pose at time: 24335.150285332504
W/MainActivity(12050): Unable to get device pose at time: 24335.150285332504
W/MainActivity(12050): Unable to get device pose at time: 24335.150285332504
W/MainActivity(12050): Unable to get device pose at time: 24335.2158193325
W/MainActivity(12050): Unable to get device pose at time: 24335.2158193325
W/MainActivity(12050): Unable to get device pose at time: 24335.248586332502
W/MainActivity(12050): Unable to get device pose at time: 24335.248586332502
W/MainActivity(12050): Unable to get device pose at time: 24335.248586332502
W/MainActivity(12050): Unable to get device pose at time: 24335.248586332502
W/MainActivity(12050): Unable to get device pose at time: 24335.314120332503
W/MainActivity(12050): Unable to get device pose at time: 24335.314120332503
W/MainActivity(12050): Unable to get device pose at time: 24335.346887332504
W/MainActivity(12050): Unable to get device pose at time: 24335.346887332504
W/MainActivity(12050): Unable to get device pose at time: 24335.3796543325
W/MainActivity(12050): Unable to get device pose at time: 24335.3796543325
W/MainActivity(12050): Unable to get device pose at time: 24335.4124213325
W/MainActivity(12050): Unable to get device pose at time: 24335.4124213325
W/MainActivity(12050): Unable to get device pose at time: 24335.4124213325
W/MainActivity(12050): Unable to get device pose at time: 24335.445188332502
W/MainActivity(12050): Unable to get device pose at time: 24335.445188332502
W/MainActivity(12050): Unable to get device pose at time: 24335.445188332502
W/MainActivity(12050): Unable to get device pose at time: 24335.510722332503
W/MainActivity(12050): Unable to get device pose at time: 24335.510722332503
W/MainActivity(12050): Unable to get device pose at time: 24335.543489332504
W/MainActivity(12050): Unable to get device pose at time: 24335.543489332504
W/MainActivity(12050): Unable to get device pose at time: 24335.5762563325
W/MainActivity(12050): Unable to get device pose at time: 24335.5762563325
I/tango   ( 4745): ba-initialization-helpers.cc:555 Number of landmarks before eliminating short tracks 83, and after elimination 42
I/tango   ( 4745): ba-initialization-helpers.cc:770 num_frames_for_dsolver: 10
I/tango   ( 4745): ba-initialization-helpers.cc:771 number_of_landmarks_for_dsolver: 42
I/tango   ( 4745): ba-initialization-helpers.cc:778 maximum_cam_meas_displacement_squared: 0.618738
W/MainActivity(12050): Unable to get device pose at time: 24335.6090233325
W/MainActivity(12050): Unable to get device pose at time: 24335.6090233325
I/tango   ( 4745): ba-initialization-helpers.cc:851 Deterministic solution
I/tango   ( 4745): ba-initialization-helpers.cc:852 Local gravity  2.68985 0.851812 -9.38431
I/tango   ( 4745): ba-initialization-helpers.cc:853 Estimated I_q_G 0.0678178  0.128744 -0.703847  0.695288
I/tango   ( 4745): ba-initialization-helpers.cc:854 Gyro bias 0.000938003 0.000171142 0.000476509
I/tango   ( 4745): ba-initialization-helpers.cc:855 Global velocity  0.0141077 -0.0178033  0.0281339
I/tango   ( 4745): ba-initialization-helpers.cc:856 Accel bias  -0.145844 -0.0903155  -0.493581
I/tango   ( 4745): ba-initialization-helpers.cc:964 Num. landmarks before pruning 41
I/tango   ( 4745): ba-initialization-helpers.cc:965 Num. landmarks uninitialized: 1
I/tango   ( 4745): ba-initialization-helpers.cc:977 Num. landmarks initialized after pruning 41
I/tango   ( 4745): ba-initialization-helpers.cc:979 Num. landmarks uninitialized: 1
W/MainActivity(12050): Unable to get device pose at time: 24335.6090233325
W/MainActivity(12050): Unable to get device pose at time: 24335.641790332502
W/MainActivity(12050): Unable to get device pose at time: 24335.641790332502
W/MainActivity(12050): Unable to get device pose at time: 24335.641790332502
W/MainActivity(12050): Unable to get device pose at time: 24335.707324332503
W/MainActivity(12050): Unable to get device pose at time: 24335.707324332503
I/tango   ( 4745): external-depth.cc:141 alloc_depth() success, 60000 max points.
I/tango   ( 4745): external-depth.cc:144 DepthRunStages1to9Func found.
I/tango   ( 4745): external-depth.cc:147 DepthRunInitFunc found.
I/tango   ( 4745): external-depth.cc:150 DepthmaxFeaturesFunc found.
I/tango   ( 4745): external-depth.cc:153 DepthAllocFunc2 found.
I/tango   ( 4745): external-depth.cc:156 Depth AGPC is enabled.
W/MainActivity(12050): Unable to get device pose at time: 24335.740091332504
W/MainActivity(12050): Unable to get device pose at time: 24335.740091332504
I/tango   ( 4745): ba-initialization.cc:426 
I/tango   ( 4745): Solver Summary (v 1.10.0-eigen-(3.2.0)-no_lapack-cxsparse-(3.1.2)-no_openmp)
I/tango   ( 4745): 
I/tango   ( 4745):                                      Original                  Reduced
I/tango   ( 4745): Parameter blocks                           77                       70
I/tango   ( 4745): Parameters                                225                      198
I/tango   ( 4745): Effective parameters                      212                      187
I/tango   ( 4745): Residual blocks                           313                      313
I/tango   ( 4745): Residual                                  766                      766
I/tango   ( 4745): 
I/tango   ( 4745): Minimizer                        TRUST_REGION
I/tango   ( 4745): 
I/tango   ( 4745): Dense linear algebra library            EIGEN
I/tango   ( 4745): Trust region strategy     LEVENBERG_MARQUARDT
I/tango   ( 4745): 
I/tango   ( 4745):                                         Given                     Used
I/tango   ( 4745): Linear solver                     DENSE_SCHUR              DENSE_SCHUR
I/tango   ( 4745): Threads                                     1                        1
I/tango   ( 4745): Linear solver threads                       1                        1
I/tango   ( 4745): Linear solver ordering              AUTOMATIC
I/tango   ( 4745):                    46, 24
I/tango   ( 4745): 
I/tango   ( 4745): Cost:
I/tango   ( 4745): Initial                          7.317769e+01
I/tango   ( 4745): Final                            2.305522e+01
I/tango   ( 4745): Change                           5.012246e+01
I/tango   ( 4745): 
I/tango   ( 4745): Minimizer iterations                       12
I/tango   ( 4745): Successful steps                           12
I/tango   ( 4745): Unsuccessful steps                          0
I/tango   ( 4745): 
I/tango   ( 4745): Time (in seconds):
I/tango   ( 4745): Preprocessor                           0.0055
I/tango   ( 4745): 
I/tango   ( 4745):   Residual evaluation                  0.0241
I/tango   ( 4745):   Jacobian evaluation                  0.0312
I/tango   ( 4745):   Linear solver                        0.0577
I/tango   ( 4745): Minimizer                              0.1197
I/tango   ( 4745): 
I/tango   ( 4745): Postprocessor                          0.0001
I/tango   ( 4745): Total                                  0.1253
I/tango   ( 4745): 
I/tango   ( 4745): Termination:                     USER_SUCCESS (User callback returned SOLVER_TERMINATE_SUCCESSFULLY.)
I/tango   ( 4745): 
I/tango   ( 4745): 
I/tango   ( 4745): ba-initialization-helper-impl.h:43 Number of measurements used in BA initialization for temporal landmarks: 325
I/tango   ( 4745): ba-initialization-helper-impl.h:45 Number of good measurements (i.e., reprojection errors <= 3 pixels) in BA initialization for temporal landmarks: 325
W/st-log  ( 4745): Initial features: Max - 10788, Min - 11125
I/tango   ( 4745): visual-inertial-filter.cc:479 VIO sliding window is initialized, with sliding window size 4
W/MainActivity(12050): Unable to get device pose at time: 24335.7728583325
W/MainActivity(12050): Unable to get device pose at time: 24335.7728583325
E/tango   ( 4745): sparse-mapper.cc:146 monitor called restartvio status TS = 24335.7
W/st-log  ( 4745): Final features: 0
E/tango   ( 4745): external-depth.cc:219 Depth returned No features found in frame
D/Raydium_ts_main(  241): ## Report rate in 10 seconds =1459 
W/st-log  ( 4745): Initial features: Max - 12211, Min - 12930
W/st-log  ( 4745): Final features: 0
E/tango   ( 4745): external-depth.cc:219 Depth returned No features found in frame
W/st-log  ( 4745): Initial features: Max - 10782, Min - 11131
W/st-log  ( 4745): Final features: 0
E/tango   ( 4745): external-depth.cc:219 Depth returned No features found in frame
W/st-log  ( 4745): Initial features: Max - 9049, Min - 9251
W/st-log  ( 4745): Final features: 0
E/tango   ( 4745): external-depth.cc:219 Depth returned No features found in frame
W/st-log  ( 4745): Initial features: Max - 8967, Min - 9133
W/st-log  ( 4745): Final features: 0
E/tango   ( 4745): external-depth.cc:219 Depth returned No features found in frame
W/st-log  ( 4745): Initial features: Max - 9001, Min - 9379
W/st-log  ( 4745): Final features: 0
E/tango   ( 4745): external-depth.cc:219 Depth returned No features found in frame
W/st-log  ( 4745): Initial features: Max - 9019, Min - 9253
W/st-log  ( 4745): Final features: 0
E/tango   ( 4745): external-depth.cc:219 Depth returned No features found in frame
W/st-log  ( 4745): Initial features: Max - 9047, Min - 9326
W/st-log  ( 4745): Final features: 0
E/tango   ( 4745): external-depth.cc:219 Depth returned No features found in frame
W/st-log  ( 4745): Initial features: Max - 8986, Min - 9177
W/st-log  ( 4745): Final features: 0
E/tango   ( 4745): external-depth.cc:219 Depth returned No features found in frame
W/st-log  ( 4745): Initial features: Max - 9083, Min - 9323
W/st-log  ( 4745): Final features: 0
E/tango   ( 4745): external-depth.cc:219 Depth returned No features found in frame
W/st-log  ( 4745): Initial features: Max - 8992, Min - 9251
W/st-log  ( 4745): Final features: 0
E/tango   ( 4745): external-depth.cc:219 Depth returned No features found in frame
W/st-log  ( 4745): Initial features: Max - 9174, Min - 9137
W/st-log  ( 4745): Final features: 0
E/tango   ( 4745): external-depth.cc:219 Depth returned No features found in frame
W/st-log  ( 4745): Initial features: Max - 8932, Min - 9177
W/st-log  ( 4745): Final features: 0
E/tango   ( 4745): external-depth.cc:219 Depth returned No features found in frame
W/st-log  ( 4745): Initial features: Max - 9084, Min - 9203
W/st-log  ( 4745): Final features: 0
E/tango   ( 4745): external-depth.cc:219 Depth returned No features found in frame
W/st-log  ( 4745): Initial features: Max - 9018, Min - 9302
W/st-log  ( 4745): Final features: 0
E/tango   ( 4745): external-depth.cc:219 Depth returned No features found in frame
W/st-log  ( 4745): Initial features: Max - 9130, Min - 9190
W/st-log  ( 4745): Final features: 0
E/tango   ( 4745): external-depth.cc:219 Depth returned No features found in frame
W/st-log  ( 4745): Initial features: Max - 9040, Min - 9246
W/st-log  ( 4745): Final features: 0
E/tango   ( 4745): external-depth.cc:219 Depth returned No features found in frame
W/st-log  ( 4745): Initial features: Max - 9903, Min - 10138
W/st-log  ( 4745): Final features: 0
E/tango   ( 4745): external-depth.cc:219 Depth returned No features found in frame
W/st-log  ( 4745): Initial features: Max - 9033, Min - 9134
W/st-log  ( 4745): Final features: 0
E/tango   ( 4745): external-depth.cc:219 Depth returned No features found in frame
W/st-log  ( 4745): Initial features: Max - 9010, Min - 9155
W/st-log  ( 4745): Final features: 0
E/tango   ( 4745): external-depth.cc:219 Depth returned No features found in frame
W/st-log  ( 4745): Initial features: Max - 9083, Min - 9176
W/st-log  ( 4745): Final features: 0
E/tango   ( 4745): external-depth.cc:219 Depth returned No features found in frame
W/st-log  ( 4745): Initial features: Max - 9044, Min - 9251
W/st-log  ( 4745): Final features: 0
E/tango   ( 4745): external-depth.cc:219 Depth returned No features found in frame
W/st-log  ( 4745): Initial features: Max - 9001, Min - 9157
W/st-log  ( 4745): Final features: 0
E/tango   ( 4745): external-depth.cc:219 Depth returned No features found in frame
W/st-log  ( 4745): Initial features: Max - 9093, Min - 9154
W/st-log  ( 4745): Final features: 0
E/tango   ( 4745): external-depth.cc:219 Depth returned No features found in frame
W/st-log  ( 4745): Initial features: Max - 8959, Min - 9188
W/st-log  ( 4745): Final features: 0
E/tango   ( 4745): external-depth.cc:219 Depth returned No features found in frame
W/st-log  ( 4745): Initial features: Max - 9071, Min - 9154
W/st-log  ( 4745): Final features: 0
E/tango   ( 4745): external-depth.cc:219 Depth returned No features found in frame
W/st-log  ( 4745): Initial features: Max - 9016, Min - 9198
W/st-log  ( 4745): Final features: 0
E/tango   ( 4745): external-depth.cc:219 Depth returned No features found in frame
W/st-log  ( 4745): Initial features: Max - 9144, Min - 9231
W/st-log  ( 4745): Final features: 0
E/tango   ( 4745): external-depth.cc:219 Depth returned No features found in frame
W/st-log  ( 4745): Initial features: Max - 9007, Min - 9140
W/st-log  ( 4745): Final features: 0
E/tango   ( 4745): external-depth.cc:219 Depth returned No features found in frame
W/st-log  ( 4745): Initial features: Max - 9062, Min - 9193
W/st-log  ( 4745): Final features: 0
E/tango   ( 4745): external-depth.cc:219 Depth returned No features found in frame
W/st-log  ( 4745): Initial features: Max - 9045, Min - 9284
I/art     (12050): GcCauseBackground partial concurrent mark sweep GC freed 13663(879KB) AllocSpace objects, 0(0B) LOS objects, 23% free, 2MB/3MB, paused 7.292ms total 20.598ms
W/st-log  ( 4745): Final features: 0
E/tango   ( 4745): external-depth.cc:219 Depth returned No features found in frame
W/st-log  ( 4745): Initial features: Max - 8962, Min - 9174
W/st-log  ( 4745): Final features: 0
E/tango   ( 4745): external-depth.cc:219 Depth returned No features found in frame
W/st-log  ( 4745): Initial features: Max - 9018, Min - 9237
W/st-log  ( 4745): Final features: 0
E/tango   ( 4745): external-depth.cc:219 Depth returned No features found in frame
W/st-log  ( 4745): Initial features: Max - 8920, Min - 9280
W/st-log  ( 4745): Final features: 0
E/tango   ( 4745): external-depth.cc:219 Depth returned No features found in frame
W/st-log  ( 4745): Initial features: Max - 9025, Min - 9184
W/st-log  ( 4745): Final features: 0
E/tango   ( 4745): external-depth.cc:219 Depth returned No features found in frame
W/st-log  ( 4745): Initial features: Max - 9005, Min - 9135
W/st-log  ( 4745): Final features: 0
E/tango   ( 4745): external-depth.cc:219 Depth returned No features found in frame
W/st-log  ( 4745): Initial features: Max - 9828, Min - 10081
W/st-log  ( 4745): Final features: 0
E/tango   ( 4745): external-depth.cc:219 Depth returned No features found in frame
E/WifiController(  899): Not handled here 155652
D/WifiController(  899): battery changed pluggedType: 1
W/st-log  ( 4745): Initial features: Max - 9060, Min - 9212
W/st-log  ( 4745): Final features: 0
E/tango   ( 4745): external-depth.cc:219 Depth returned No features found in frame
W/st-log  ( 4745): Initial features: Max - 9857, Min - 9952
W/st-log  ( 4745): Final features: 0
E/tango   ( 4745): external-depth.cc:219 Depth returned No features found in frame
W/st-log  ( 4745): Initial features: Max - 9071, Min - 9215
W/st-log  ( 4745): Final features: 0
E/tango   ( 4745): external-depth.cc:219 Depth returned No features found in frame
W/st-log  ( 4745): Initial features: Max - 8955, Min - 9273
W/st-log  ( 4745): Final features: 0
E/tango   ( 4745): external-depth.cc:219 Depth returned No features found in frame
I/tango-client-api-jni(12050): DisconnectTexture context 0x484b90f0, camera 0
I/tango_client_api(12050): TangoErrorType TangoService_disconnectCamera(TangoCameraId): Disconnecting camera_id = 0...
I/tango_client_api(12050): TangoErrorType TangoService_disconnectCamera(TangoCameraId): Done disconnecting camera.
I/tango_client_api(12050): void TangoService_disconnect(): Disconnecting from Tango...
I/tango   ( 4745): TangoService.cc:129 ThreadLoop attempting disconnect number 49.
I/tango   ( 4745): tango-context.cc:512 TangoContext: Shutting down runtime...
I/tango   ( 4745): tango-service-application.cc:318 TangoServiceApplication: Stopping service application...
I/tango   ( 4745): sensor-graph.cc:1002 Stop requested.
D/NvOsDebugPrintf(  169): routeResultFromCAM: WARNING: only 0 requests in flight on sensor 0, frame drops likely
D/NvOsDebugPrintf(  169): routeResultFromCAM: WARNING: only 0 requests in flight on sensor 1, frame drops likely
D/Sensors (  899): Writing packet 54 36 0C 00 74 
D/Sensors (  899): Writing packet 54 31 0C 00 74 
E/Sensors (  899): [nosae] setDelay: 10000000 sec
D/Sensors (  899): Writing packet 54 32 0B 04 10 27 00 00 74 
E/Sensors (  899): [nosae] setDelay: 8000000 sec
D/Sensors (  899): Writing packet 54 32 0A 04 40 1F 00 00 74 
D/NvOsDebugPrintf(  169): NvCamScaler_OutputThread-- (error 0x0)
D/NvOsDebugPrintf(  169): SensorBayer_SetPowerLevel 1
E/Sensors (  899): [nosae] setDelay: 8000000 sec
D/Sensors (  899): Writing packet 54 32 0A 04 40 1F 00 00 74 
I/Camera2ClientBase(  169): Closed Camera 0
D/NvOsDebugPrintf(  169): NvCamScaler_OutputThread-- (error 0x0)
W/ActivityManager(  899): Activity pause timeout for ActivityRecord{654f5a40 u0 io.kirmani.tango.treehacks/.MainActivity t164 f}
D/NvOsDebugPrintf(  169): SensorBayer_SetPowerLevel 1
E/Sensors (  899): [nosae] setDelay: 8000000 sec
D/Sensors (  899): Writing packet 54 32 0A 04 40 1F 00 00 74 
I/tango   ( 4745): sensor-graph.cc:914 Sending last_published_feature_tracks_and_imu_timestamp NaN
W/tango   ( 4745): sparse-mapping-graph.cc:268 SparseMappingGraph: It's the end of days! timestamp = NaN
W/tango   ( 4745): sparse-mapping-graph.cc:377 SparseMappingGraph::ProcessAsynchronous: got last timestamp: stop.
D/Sensors (  899): Writing packet 54 36 0B 00 74 
I/Camera2ClientBase(  169): Closed Camera 1
D/Sensors (  899): Writing packet 54 31 0B 00 74 
E/Sensors (  899): [nosae] setDelay: 66667000 sec
D/Sensors (  899): Writing packet 54 32 0A 04 6B 04 01 00 74 
I/Keyboard.Facilitator( 1148): onFinishInput()
I/tango   ( 4745): tango-service-application.cc:341 TangoServiceApplication: Joined successfully.
I/tango   ( 4745): sensor-graph.cc:999 Sensor graph is already stopped.
I/tango   ( 4745): sensor-graph.cc:999 Sensor graph is already stopped.
E/st-log  ( 4745): 
E/st-log  ( 4745): 
E/st-log  ( 4745): 
E/st-log  ( 4745): 
I/tango   ( 4745): ocv-freak-feature-tracker.cc:110 Total num. of frame-frame matches 4049
I/tango   ( 4745): ocv-freak-feature-tracker.cc:111 Total num. of frame-frame matches bookkeeping 0
I/tango   ( 4745): ocv-freak-feature-tracker.cc:110 Total num. of frame-frame matches 0
I/tango   ( 4745): ocv-freak-feature-tracker.cc:111 Total num. of frame-frame matches bookkeeping 0
E/tango   ( 4745): data-manager.cc:121 e2e_vio_num_filter_resets 0
E/BufferQueue( 4745): [unnamed-4745-148] consumerDisconnect: No consumer is connected!
E/BufferQueue( 4745): [unnamed-4745-149] consumerDisconnect: No consumer is connected!
E/BufferQueue( 4745): [unnamed-4745-147] consumerDisconnect: No consumer is connected!
I/tango   ( 4745): tango-context.cc:533 TangoContext: Runtime has shut down!
I/tango   ( 4745): TangoService.cc:133 ThreadLoop stopped Tango Runtime.
I/tango_client_api( 4745): Tango Service: disconnect complete, returning.
I/tango_client_api(12050): void TangoService_disconnect(): Successfully disconnected from Tango.
D/Raydium_ts_main(  241): ## Report rate in 10 seconds =789 
E/GpsXtraDownloader(  899): No XTRA servers were specified in the GPS configuration
D/Tchnoise(  241): #### Power supply in BATTERY mode
E/WifiController(  899): Not handled here 155652
D/WifiController(  899): battery changed pluggedType: 1
E/WifiController(  899): Not handled here 155652
D/WifiController(  899): battery changed pluggedType: 0
D/MusicLifecycle(29982): com.google.android.music.leanback.AutoCacheSchedulingService$ActionReceiver generated event: Broadcast received with context android.app.ReceiverRestrictedContext@64b79110 and intent Intent { act=android.intent.action.ACTION_POWER_DISCONNECTED flg=0x4000010 cmp=com.google.android.music/.leanback.AutoCacheSchedulingService$ActionReceiver }
I/iu.Environment( 1452): update battery state; isPlugged? false*
I/GCoreUlr( 1165): Starting service, intent=Intent { act=com.google.android.location.reporting.ACTION_UPDATE_WORLD cmp=com.google.android.gms/com.google.android.location.reporting.service.DispatchingService (has extras) }, extras=Bundle[{receiverAction=android.intent.action.ACTION_POWER_DISCONNECTED}]
D/MusicLifecycle(29982): com.google.android.music.leanback.AutoCacheSchedulingService generated event: Service created
D/MusicLifecycle(29982): com.google.android.music.leanback.AutoCacheSchedulingService generated event: Service started with intent Intent { act=com.google.android.music.leanback.ACTIVATE_AUTO_CACHE cmp=com.google.android.music/.leanback.AutoCacheSchedulingService (has extras) }
D/MusicLifecycle(29982): com.google.android.music.download.TrackDownloadQueueService generated event: Service created
D/MusicLifecycle(29982): com.google.android.music.download.cache.TrackCacheService generated event: Service created
I/MusicLeanback(29982): Conditions not met for autocaching. okToAttempt=false
I/MusicLeanback(29982): Stop autocaching.
D/MusicLifecycle(29982): com.google.android.music.download.cache.TrackCacheService generated event: Service destroyed
D/MusicLifecycle(29982): com.google.android.music.download.TrackDownloadQueueService generated event: Service destroyed
I/GCoreUlr( 1165): DispatchingService.onCreate()
I/iu.UploadsManager( 1452): num queued entries: 0
I/iu.UploadsManager( 1452): num updated entries: 0
I/iu.SyncManager( 1452): NEXT; no task
I/GCoreUlr( 1165): WorldUpdater received intent Intent { act=com.google.android.location.reporting.ACTION_UPDATE_WORLD cmp=com.google.android.gms/com.google.android.location.reporting.service.DispatchingService (has extras) } with receiverAction android.intent.action.ACTION_POWER_DISCONNECTED
I/GCoreUlr( 1165): WorldUpdater:android.intent.action.ACTION_POWER_DISCONNECTED: Ensuring that reporting is stopped because of reasons: {account#-6#=[InactiveReason{mVersionCode=0, mIdentifier=6, mName='ReportingNotEnabled'}]}
I/GCoreUlr( 1165): Unbound from all location providers
I/GCoreUlr( 1165): Place inference reporting - stopped
I/GCoreUlr( 1165): DispatchingService.onDestroy()
I/GCoreUlr( 1165): Stopping handler for UlrDispSvcFast
I/GCoreUlr( 1165): Unbound from all location providers
I/GCoreUlr( 1165): Place inference reporting - stopped
D/Tchnoise(  241): #### Power supply in USB mode
E/WifiController(  899): Not handled here 155652
D/WifiController(  899): battery changed pluggedType: 2
I/EntropyMixer(  899): Writing entropy...
D/MusicLifecycle(29982): com.google.android.music.leanback.AutoCacheSchedulingService$ActionReceiver generated event: Broadcast received with context android.app.ReceiverRestrictedContext@64b79110 and intent Intent { act=android.intent.action.ACTION_POWER_CONNECTED flg=0x4000010 cmp=com.google.android.music/.leanback.AutoCacheSchedulingService$ActionReceiver }
I/iu.Environment( 1452): update battery state; isPlugged? true*
E/NetworkScheduler.SchedulerReceiver( 1397): Invalid parameter app
E/NetworkScheduler.SchedulerReceiver( 1397): Invalid package name : Perhaps you didn't include a PendingIntent in the extras?
I/iu.UploadsManager( 1452): num queued entries: 0
D/MusicLifecycle(29982): com.google.android.music.leanback.AutoCacheSchedulingService generated event: Service created
I/iu.UploadsManager( 1452): num updated entries: 0
I/iu.FingerprintManager( 1452): Start processing all media
I/GCoreUlr( 1165): Starting service, intent=Intent { act=com.google.android.location.reporting.ACTION_UPDATE_WORLD cmp=com.google.android.gms/com.google.android.location.reporting.service.DispatchingService (has extras) }, extras=Bundle[{receiverAction=android.intent.action.ACTION_POWER_CONNECTED}]
I/iu.FingerprintManager( 1452): Start processing media store URI: content://media/external/images/media
I/iu.SyncManager( 1452): NEXT; no task
D/MusicLifecycle(29982): com.google.android.music.leanback.AutoCacheSchedulingService generated event: Service started with intent Intent { act=com.google.android.music.leanback.POWER_CONNECTED cmp=com.google.android.music/.leanback.AutoCacheSchedulingService (has extras) }
D/MusicLifecycle(29982): com.google.android.music.download.TrackDownloadQueueService generated event: Service created
I/GCoreUlr( 1165): DispatchingService.onCreate()
I/iu.FingerprintManager( 1452): Start processing media store URI: content://media/external/video/media
I/MusicLeanback(29982): Conditions not met for autocaching. okToAttempt=false
I/MusicLeanback(29982): Stop autocaching.
D/MusicLifecycle(29982): com.google.android.music.download.cache.TrackCacheService generated event: Service created
I/PowerConnectionBroadcastReceiver( 1148): onReceive() : Device plugged in. 
I/StatsUtilsManager( 1148): startPeriodStatsRecorder() : Success
D/MusicLifecycle(29982): com.google.android.music.download.cache.TrackCacheService generated event: Service destroyed
D/MusicLifecycle(29982): com.google.android.music.download.TrackDownloadQueueService generated event: Service destroyed
I/PeriodicStatsRecorder( 1148): shouldRecordStats() = Too Soon
I/iu.FingerprintManager( 1452): Start processing media store URI: content://media/phoneStorage/images/media
I/art     ( 1040): Heap trim of managed (duration=5.311833ms, advised=520KB) and native (duration=8.421ms, advised=144KB) heaps. Managed heap utilization of 67%.
I/iu.FingerprintManager( 1452): Start processing media store URI: content://media/phoneStorage/video/media
I/iu.FingerprintManager( 1452): Finished generating fingerprints; 0.108 seconds
I/iu.FingerprintManager( 1452):   numSeen=2 numGenerated=0 numDeleted=0 numFailed=0
D/MtpService( 1252): updating state; isCurrentUser=true, mMtpLocked=false
D/MtpService( 1252): addStorageLocked 65537 /storage/emulated/0
D/MtpService( 1252): updating state; isCurrentUser=true, mMtpLocked=false
D/MtpService( 1252): starting MTP server in MTP mode
D/MtpService( 1252): addStorageLocked 65537 /storage/emulated/0
E/WifiController(  899): Not handled here 155652
D/WifiController(  899): battery changed pluggedType: 2
I/GCoreUlr( 1165): WorldUpdater received intent Intent { act=com.google.android.location.reporting.ACTION_UPDATE_WORLD cmp=com.google.android.gms/com.google.android.location.reporting.service.DispatchingService (has extras) } with receiverAction android.intent.action.ACTION_POWER_CONNECTED
I/GCoreUlr( 1165): WorldUpdater:android.intent.action.ACTION_POWER_CONNECTED: Ensuring that reporting is stopped because of reasons: {account#-6#=[InactiveReason{mVersionCode=0, mIdentifier=6, mName='ReportingNotEnabled'}]}
I/GCoreUlr( 1165): Unbound from all location providers
I/GCoreUlr( 1165): Place inference reporting - stopped
I/GCoreUlr( 1165): DispatchingService.onDestroy()
I/GCoreUlr( 1165): Stopping handler for UlrDispSvcFast
I/GCoreUlr( 1165): Unbound from all location providers
I/GCoreUlr( 1165): Place inference reporting - stopped
E/WifiController(  899): Not handled here 155652
D/WifiController(  899): battery changed pluggedType: 2
D/AndroidRuntime(12249): 
D/AndroidRuntime(12249): >>>>>> AndroidRuntime START com.android.internal.os.RuntimeInit <<<<<<
D/AndroidRuntime(12249): CheckJNI is OFF
E/art     (12249): Unrecognized option -XX:mainThreadStackSize=24K
W/art     (12249): Ignoring unknown -Xgc option: precise
W/art     (12249): Failed to find ELF magic in /system/framework/am.odex: dey
E/memtrack(12249): Couldn't load memtrack module (No such file or directory)
E/android.os.Debug(12249): failed to load memtrack module: -2
W/art     (12249): JNI RegisterNativeMethods: attempt to register 0 native methods for android.content.res.Configuration
D/AndroidRuntime(12249): Calling main entry com.android.commands.am.Am
I/ActivityManager(  899): START u0 {flg=0x10000000 cmp=io.kirmani.tango.treehacks/.MainActivity} from pid 12249
D/AndroidRuntime(12249): Shutting down VM
I/Rajawali(12050): Rajawali | Anchor Steam | v1.0 
E/libEGL  (12050): call to OpenGL ES API with no current context (logged once per thread)
I/tango_client_api(12050): TangoErrorType TangoService_initialize(JNIEnv*, jobject): Beginning initialization...
I/tango_client_api(12050): Tango Service: com.projecttango.tango, versionCode: 7974 (client requires >= 2705)
I/tango_client_api(12050): TangoErrorType TangoService_initialize(JNIEnv*, jobject): Done initializing, error code = 0.
I/ActivityManager(  899): START u0 {cmp=com.projecttango.tango/com.google.atap.tango.RequestPermissionActivity (has extras)} from pid 12050
I/tango_client_api(12050): void* TangoService_getConfig(TangoConfigType): Getting config...
I/tango_client_api( 4745): Tango Service: getConfig, internal status 0
I/tango_client_api(12050): void* TangoService_getConfig(TangoConfigType): Done getting config.
I/Tango   (12050): com.projecttango.tango version: 7974
I/tango_client_api(12050): void* TangoService_getConfig(TangoConfigType): Getting config...
I/tango_client_api( 4745): Tango Service: getConfig, internal status 0
I/tango_client_api(12050): void* TangoService_getConfig(TangoConfigType): Done getting config.
I/tango_client_api(12050): TangoErrorType TangoService_connect(void*, TangoConfig): Connecting to Tango...
I/tango   ( 4745): permission-handler.cc:63 App com.projecttango.experiments.javaarealearning has ADF permissions.
I/tango   ( 4745): permission-handler.cc:63 App com.projecttango.experiments.nativearealearning has ADF permissions.
I/tango   ( 4745): permission-handler.cc:63 App com.inosur.arbasket has ADF permissions.
I/tango   ( 4745): permission-handler.cc:63 App com.calebmadsen.roomcalcfree has ADF permissions.
I/tango   ( 4745): permission-handler.cc:63 App com.projecttango.tangoexplorer has ADF permissions.
I/tango   ( 4745): permission-handler.cc:63 App com.projecttango.adfinspector has ADF permissions.
I/tango   ( 4745): permission-handler.cc:63 App io.kirmani.tango.treehacks has ADF permissions.
I/tango   ( 4745): TangoService.cc:99 ThreadLoop creating Runtime.
I/tango   ( 4745): tango-context.cc:427 Data source is '[Superframes]'
I/tango   ( 4745): tango-hal-device-wrapper.cc:64 Failed to open libtango_hal.so: dlopen failed: library "libtango_hal.so" not found
E/tango   ( 4745): tango-hal-sensor-graph.cc:85 Could not open device shared library!
I/tango   ( 4745): application-base.cc:139 Using sensor graph.
I/tango   ( 4745): ocv-freak-feature-tracker.cc:68 Max keypoints which will be sent for descriptor extraction after pruning: 800
I/tango   ( 4745): ocv-freak-feature-tracker.cc:73 Number of stages in which frame-frame matching will be run: 2
W/tango   ( 4745): gpu-dog-pyramid.cc:104 CUDA has an error prior to starting module: invalid argument
I/tango   ( 4745): ocv-freak-feature-tracker.cc:68 Max keypoints which will be sent for descriptor extraction after pruning: 800
I/tango   ( 4745): ocv-freak-feature-tracker.cc:73 Number of stages in which frame-frame matching will be run: 2
I/tango   ( 4745): native-sensors.cc:84 Have calibrated gyro
D/Sensors (  899): Writing packet 54 30 0B 00 74 
I/Camera2ClientBase(  169): Camera 0: Opened
I/ProCamera2Client(  169): ProCamera 0: Opened
D/Sensors (  899): Writing packet 54 35 0B 00 74 
E/Sensors (  899): [nosae] setDelay: 10000000 sec
D/Sensors (  899): Writing packet 54 32 0B 04 10 27 00 00 74 
E/Sensors (  899): [nosae] setDelay: 8000000 sec
D/Sensors (  899): Writing packet 54 32 0A 04 40 1F 00 00 74 
E/Sensors (  899): [nosae] setDelay: 10000000 sec
D/Sensors (  899): Writing packet 54 32 0A 04 10 27 00 00 74 
E/Sensors (  899): [nosae] setDelay: 10000000 sec
D/Sensors (  899): Writing packet 54 32 0B 04 10 27 00 00 74 
D/NvOsDebugPrintf(  169): NvOdmImagerGetLayout
D/NvOsDebugPrintf(  169): NvOdmImagerGetModuleList
D/NvOsDebugPrintf(  169): ImagerExtractModuleLayout (Ver 0) 0 modules, 3 devices
D/NvOsDebugPrintf(  169): SensorBayerOV4682_GetHal ov4682
D/NvOsDebugPrintf(  169): NvOdmImagerGetModuleList
D/NvOsDebugPrintf(  169): ImagerExtractModuleLayout (Ver 0) 0 modules, 3 devices
D/NvOsDebugPrintf(  169): NvOdmImagerGetModuleList
D/NvOsDebugPrintf(  169): ImagerExtractModuleLayout (Ver 0) 0 modules, 3 devices
D/NvOsDebugPrintf(  169): SensorBayer_SetPowerLevel 3
I/tango   ( 4745): native-sensors.cc:101 Have calibrated mag
D/Sensors (  899): Writing packet 54 30 0C 00 74 
D/Sensors (  899): Writing packet 54 35 0C 00 74 
E/Sensors (  899): [nosae] setDelay: 33000000 sec
D/Sensors (  899): Writing packet 54 32 0C 04 E8 80 00 00 74 
E/Sensors (  899): [nosae] setDelay: 50000000 sec
D/Sensors (  899): Writing packet 54 32 0C 04 50 C3 00 00 74 
E/Sensors (  899): [nosae] setDelay: 8000000 sec
D/Sensors (  899): Writing packet 54 32 0A 04 40 1F 00 00 74 
E/Sensors (  899): [nosae] setDelay: 8000000 sec
D/Sensors (  899): Writing packet 54 32 0A 04 40 1F 00 00 74 
D/NvOsDebugPrintf(  169): OV4682 Camera fd open as: 37
D/NvOsDebugPrintf(  169): NvCameraIspInitialize: disable3A=0x0
D/NvOsDebugPrintf(  169): AFConfigParamsSanityCheck: Warning: settle_time too large: 100, capped to 30
D/NvOsDebugPrintf(  169): -- NvIspAFinit -- min 0, max 0
D/NvOsDebugPrintf(  169): NvIspSetStats: WARNING: FM can't be enabled because AP is not enabled!!
D/NvOsDebugPrintf(  169): SensorBayer_SetPowerLevel 3
I/ov4682-camera( 4745): Raw 4682 camera of size 1280 720
I/Camera2ClientBase(  169): Camera 1: Opened
I/ProCamera2Client(  169): ProCamera 1: Opened
E/Sensors (  899): [nosae] setDelay: 8000000 sec
D/Sensors (  899): Writing packet 54 32 0A 04 40 1F 00 00 74 
E/Sensors (  899): [nosae] setDelay: 8000000 sec
D/Sensors (  899): Writing packet 54 32 0A 04 40 1F 00 00 74 
D/NvOsDebugPrintf(  169): NvOdmImagerGetLayout
D/NvOsDebugPrintf(  169): NvOdmImagerGetModuleList
D/NvOsDebugPrintf(  169): ImagerExtractModuleLayout (Ver 0) 0 modules, 3 devices
D/NvOsDebugPrintf(  169): SensorBayerOV7251_GetHal ov7251
D/NvOsDebugPrintf(  169): Camera 25hz is '0'
D/NvOsDebugPrintf(  169): NvOdmImagerGetModuleList
D/NvOsDebugPrintf(  169): ImagerExtractModuleLayout (Ver 0) 0 modules, 3 devices
D/NvOsDebugPrintf(  169): NvOdmImagerGetModuleList
D/NvOsDebugPrintf(  169): ImagerExtractModuleLayout (Ver 0) 0 modules, 3 devices
D/NvOsDebugPrintf(  169): SensorBayer_SetPowerLevel 3
D/NvOsDebugPrintf(  169): OV7251 Camera fd open as: 48
D/NvOsDebugPrintf(  169): NvCameraIspInitialize: disable3A=0x0
D/NvOsDebugPrintf(  169): AFConfigParamsSanityCheck: Warning: settle_time too large: 100, capped to 30
D/NvOsDebugPrintf(  169): -- NvIspAFinit -- min 0, max 0
D/NvOsDebugPrintf(  169): NvIspSetStats: WARNING: FM can't be enabled because AP is not enabled!!
D/NvOsDebugPrintf(  169): SensorBayer_SetPowerLevel 3
I/tango   ( 4745): application-base.cc:386 Generated new dataset metadata with id b541a91b-d6f4-402d-a581-86179fa09072
I/tango   ( 4745): recorder-graph.cc:383 Starting recorders.
I/tango   ( 4745): tango-service-application.cc:235 Tango Service: Enabled modes:
I/tango   ( 4745): tango-service-application.cc:236 Depth enabled.
I/tango   ( 4745): tango-service-application.cc:239 Learning enabled.
I/tango   ( 4745): tango-service-application.cc:240 Motion Tracking enabled.
I/tango   ( 4745): tango-service-application.cc:242 Auto Recovery enabled.
I/tango   ( 4745): tango-service-application.cc:247 Tango Service: All config flag settings:
I/tango   ( 4745): {
I/tango   ( 4745): "config_color_mode_auto": true,
I/tango   ( 4745): "config_color_iso": 100,
I/tango   ( 4745): "config_color_exp": 11100000,
I/tango   ( 4745): "config_enable_auto_recovery": true,
I/tango   ( 4745): "config_enable_color_camera": false,
I/tango   ( 4745): "config_enable_depth": true,
I/tango   ( 4745): "config_enable_low_latency_imu_integration": true,
I/tango   ( 4745): "config_enable_learning_mode": true,
I/tango   ( 4745): "config_enable_motion_tracking": true,
I/tango   ( 4745): "config_experimental_dataset_recording_mode": 0,
I/tango   ( 4745): "config_experimental_enable_dataset_recording": false,
I/tango   ( 4745): "config_experimental_high_accuracy_small_scale_adf": false,
I/tango   ( 4745): "config_experimental_load_dataset_UUID": "",
I/tango   ( 4745): "config_high_rate_pose": true,
I/tango   ( 4745): "config_smooth_pose": true,
I/tango   ( 4745): "config_load_area_description_UUID": "",
I/tango   ( 4745): "config_load_dataset": "",
I/tango   ( 4745): "tango_service_library_version": "160201-054f1b2-armeabi-v7a-android-19",
I/tango   ( 4745): "config_experimental_enable_dense_alignment": false,
I/tango   ( 4745): "config_experimental_enable_scene_reconstruction": false,
I/tango   ( 4745): "depth_period_in_seconds": 0.2,
I/tango   ( 4745): "max_point_cloud_elements": 60000,
I/tango   ( 4745): "run_motion_trackin
I/tango   ( 4745): g_for_VR": false,
I/tango   ( 4745): "sensor_status_min_features": 50,
I/tango   ( 4745): "sensor_status_min_pixel_value": 50,
I/tango   ( 4745): "sensor_status_max_pixel_value": 150
I/tango   ( 4745): }
I/tango   ( 4745): vio-helper.cc:70 Use calibrated IMU scale factors.
I/tango   ( 4745): vio-helper.cc:82 Use calibrated IMU misalignment factors.
I/tango   ( 4745): vio-helper.cc:70 Use calibrated IMU scale factors.
I/tango   ( 4745): vio-helper.cc:82 Use calibrated IMU misalignment factors.
I/tango   ( 4745): tango-service-application.cc:149 Sparse mapping is configured for pose-graph with structure construction.
I/tango   ( 4745): tango-service-application.cc:648 Sparse mapping is using feature descriptor: lens_invariant_ocvfreak
E/Sensors (  899): [nosae] setDelay: 10000000 sec
D/Sensors (  899): Writing packet 54 32 0B 04 10 27 00 00 74 
